../Drivers/CMSIS/Include/core_cm4.h:1684:22:__NVIC_EnableIRQ	16	static,ignoring_inline_asm
../Drivers/CMSIS/Include/core_cm4.h:1722:22:__NVIC_DisableIRQ	16	static,ignoring_inline_asm
../Drivers/CMSIS/Include/core_cm4.h:1775:22:__NVIC_ClearPendingIRQ	16	static
../Core/Src/ApplicationCode.c:24:6:ApplicationInit	8	static
../Core/Src/ApplicationCode.c:41:6:App_ScreenHandler	8	static
../Core/Src/ApplicationCode.c:59:6:App_startScreen	16	static
../Core/Src/ApplicationCode.c:76:6:drawBackground	16	static
../Core/Src/ApplicationCode.c:97:6:move_arrays	16	static
../Core/Src/ApplicationCode.c:104:6:App_DetectScreen	16	static
../Core/Src/ApplicationCode.c:159:6:drawTime	40	static
../Core/Src/ApplicationCode.c:169:6:App_endScreen	32	static
../Core/Src/ApplicationCode.c:221:6:App_Stopwatch_init	8	static
../Core/Src/ApplicationCode.c:224:6:App_Stopwatch_test1	24	static
../Core/Src/ApplicationCode.c:233:6:App_Buzzer_init	8	static
../Core/Src/ApplicationCode.c:236:6:App_Buzzer_test1	8	static
../Core/Src/ApplicationCode.c:242:6:App_Buzzer_beep	8	static
../Core/Src/ApplicationCode.c:256:6:EXTI15_10_IRQHandler	8	static
../Core/Src/ApplicationCode.c:274:6:TIM2_IRQHandler	8	static
