Archive member included to satisfy reference by file (symbol)

/Applications/STM32CubeIDE.app/Contents/Eclipse/plugins/com.st.stm32cube.ide.mcu.externaltools.gnu-tools-for-stm32.12.3.rel1.macos64_1.0.200.202406191456/tools/bin/../lib/gcc/arm-none-eabi/12.3.1/../../../../arm-none-eabi/lib/thumb/v7e-m/nofp/librdimon_nano.a(arm_librdimon_a-syscalls.o)
                              /Applications/STM32CubeIDE.app/Contents/Eclipse/plugins/com.st.stm32cube.ide.mcu.externaltools.gnu-tools-for-stm32.12.3.rel1.macos64_1.0.200.202406191456/tools/bin/../lib/gcc/arm-none-eabi/12.3.1/../../../../arm-none-eabi/lib/thumb/v7e-m/nofp/rdimon-crt0.o (__heap_limit)
/Applications/STM32CubeIDE.app/Contents/Eclipse/plugins/com.st.stm32cube.ide.mcu.externaltools.gnu-tools-for-stm32.12.3.rel1.macos64_1.0.200.202406191456/tools/bin/../lib/gcc/arm-none-eabi/12.3.1/../../../../arm-none-eabi/lib/thumb/v7e-m/nofp/libc_nano.a(libc_a-exit.o)
                              /Applications/STM32CubeIDE.app/Contents/Eclipse/plugins/com.st.stm32cube.ide.mcu.externaltools.gnu-tools-for-stm32.12.3.rel1.macos64_1.0.200.202406191456/tools/bin/../lib/gcc/arm-none-eabi/12.3.1/../../../../arm-none-eabi/lib/thumb/v7e-m/nofp/rdimon-crt0.o (exit)
/Applications/STM32CubeIDE.app/Contents/Eclipse/plugins/com.st.stm32cube.ide.mcu.externaltools.gnu-tools-for-stm32.12.3.rel1.macos64_1.0.200.202406191456/tools/bin/../lib/gcc/arm-none-eabi/12.3.1/../../../../arm-none-eabi/lib/thumb/v7e-m/nofp/libc_nano.a(libc_a-nano-vfprintf_float.o)
                              (_printf_float)
/Applications/STM32CubeIDE.app/Contents/Eclipse/plugins/com.st.stm32cube.ide.mcu.externaltools.gnu-tools-for-stm32.12.3.rel1.macos64_1.0.200.202406191456/tools/bin/../lib/gcc/arm-none-eabi/12.3.1/../../../../arm-none-eabi/lib/thumb/v7e-m/nofp/libc_nano.a(libc_a-nano-vfprintf_i.o)
                              /Applications/STM32CubeIDE.app/Contents/Eclipse/plugins/com.st.stm32cube.ide.mcu.externaltools.gnu-tools-for-stm32.12.3.rel1.macos64_1.0.200.202406191456/tools/bin/../lib/gcc/arm-none-eabi/12.3.1/../../../../arm-none-eabi/lib/thumb/v7e-m/nofp/libc_nano.a(libc_a-nano-vfprintf_float.o) (_printf_common)
/Applications/STM32CubeIDE.app/Contents/Eclipse/plugins/com.st.stm32cube.ide.mcu.externaltools.gnu-tools-for-stm32.12.3.rel1.macos64_1.0.200.202406191456/tools/bin/../lib/gcc/arm-none-eabi/12.3.1/../../../../arm-none-eabi/lib/thumb/v7e-m/nofp/libc_nano.a(libc_a-findfp.o)
                              /Applications/STM32CubeIDE.app/Contents/Eclipse/plugins/com.st.stm32cube.ide.mcu.externaltools.gnu-tools-for-stm32.12.3.rel1.macos64_1.0.200.202406191456/tools/bin/../lib/gcc/arm-none-eabi/12.3.1/../../../../arm-none-eabi/lib/thumb/v7e-m/nofp/libc_nano.a(libc_a-exit.o) (__stdio_exit_handler)
/Applications/STM32CubeIDE.app/Contents/Eclipse/plugins/com.st.stm32cube.ide.mcu.externaltools.gnu-tools-for-stm32.12.3.rel1.macos64_1.0.200.202406191456/tools/bin/../lib/gcc/arm-none-eabi/12.3.1/../../../../arm-none-eabi/lib/thumb/v7e-m/nofp/libc_nano.a(libc_a-fwalk.o)
                              /Applications/STM32CubeIDE.app/Contents/Eclipse/plugins/com.st.stm32cube.ide.mcu.externaltools.gnu-tools-for-stm32.12.3.rel1.macos64_1.0.200.202406191456/tools/bin/../lib/gcc/arm-none-eabi/12.3.1/../../../../arm-none-eabi/lib/thumb/v7e-m/nofp/libc_nano.a(libc_a-findfp.o) (_fwalk_sglue)
/Applications/STM32CubeIDE.app/Contents/Eclipse/plugins/com.st.stm32cube.ide.mcu.externaltools.gnu-tools-for-stm32.12.3.rel1.macos64_1.0.200.202406191456/tools/bin/../lib/gcc/arm-none-eabi/12.3.1/../../../../arm-none-eabi/lib/thumb/v7e-m/nofp/libc_nano.a(libc_a-printf.o)
                              ./Core/Src/ApplicationCode.o (printf)
/Applications/STM32CubeIDE.app/Contents/Eclipse/plugins/com.st.stm32cube.ide.mcu.externaltools.gnu-tools-for-stm32.12.3.rel1.macos64_1.0.200.202406191456/tools/bin/../lib/gcc/arm-none-eabi/12.3.1/../../../../arm-none-eabi/lib/thumb/v7e-m/nofp/libc_nano.a(libc_a-puts.o)
                              ./Core/Src/ApplicationCode.o (puts)
/Applications/STM32CubeIDE.app/Contents/Eclipse/plugins/com.st.stm32cube.ide.mcu.externaltools.gnu-tools-for-stm32.12.3.rel1.macos64_1.0.200.202406191456/tools/bin/../lib/gcc/arm-none-eabi/12.3.1/../../../../arm-none-eabi/lib/thumb/v7e-m/nofp/libc_nano.a(libc_a-memset.o)
                              /Applications/STM32CubeIDE.app/Contents/Eclipse/plugins/com.st.stm32cube.ide.mcu.externaltools.gnu-tools-for-stm32.12.3.rel1.macos64_1.0.200.202406191456/tools/bin/../lib/gcc/arm-none-eabi/12.3.1/../../../../arm-none-eabi/lib/thumb/v7e-m/nofp/rdimon-crt0.o (memset)
/Applications/STM32CubeIDE.app/Contents/Eclipse/plugins/com.st.stm32cube.ide.mcu.externaltools.gnu-tools-for-stm32.12.3.rel1.macos64_1.0.200.202406191456/tools/bin/../lib/gcc/arm-none-eabi/12.3.1/../../../../arm-none-eabi/lib/thumb/v7e-m/nofp/libc_nano.a(libc_a-localeconv.o)
[...]
Memory Configuration

Name             Origin             Length             Attributes
CCMRAM           0x10000000         0x00010000         xrw
RAM              0x20000000         0x00030000         xrw
FLASH            0x08000000         0x00200000         xr
*default*        0x00000000         0xffffffff

Linker script and memory map

LOAD /Applications/STM32CubeIDE.app/Contents/Eclipse/plugins/com.st.stm32cube.ide.mcu.externaltools.gnu-tools-for-stm32.12.3.rel1.macos64_1.0.200.202406191456/tools/bin/../lib/gcc/arm-none-eabi/12.3.1/thumb/v7e-m/nofp/crti.o
LOAD /Applications/STM32CubeIDE.app/Contents/Eclipse/plugins/com.st.stm32cube.ide.mcu.externaltools.gnu-tools-for-stm32.12.3.rel1.macos64_1.0.200.202406191456/tools/bin/../lib/gcc/arm-none-eabi/12.3.1/thumb/v7e-m/nofp/crtbegin.o
LOAD /Applications/STM32CubeIDE.app/Contents/Eclipse/plugins/com.st.stm32cube.ide.mcu.externaltools.gnu-tools-for-stm32.12.3.rel1.macos64_1.0.200.202406191456/tools/bin/../lib/gcc/arm-none-eabi/12.3.1/../../../../arm-none-eabi/lib/thumb/v7e-m/nofp/rdimon-crt0.o
LOAD ./Core/Src/ApplicationCode.o
LOAD ./Core/Src/LCD_Driver.o
LOAD ./Core/Src/MetalDetector.o
LOAD ./Core/Src/TimerCtl.o
LOAD ./Core/Src/fonts.o
LOAD ./Core/Src/ili9341.o
LOAD ./Core/Src/main.o
LOAD ./Core/Src/stm32f4xx_hal_msp.o
LOAD ./Core/Src/stm32f4xx_it.o
LOAD ./Core/Src/stmpe811.o
LOAD ./Core/Src/sysmem.o
LOAD ./Core/Src/system_stm32f4xx.o
LOAD ./Core/Startup/startup_stm32f429zitx.o
LOAD ./Drivers/STM32F4xx_HAL_Driver/Src/stm32f4xx_hal.o
LOAD ./Drivers/STM32F4xx_HAL_Driver/Src/stm32f4xx_hal_cortex.o
LOAD ./Drivers/STM32F4xx_HAL_Driver/Src/stm32f4xx_hal_dma.o
LOAD ./Drivers/STM32F4xx_HAL_Driver/Src/stm32f4xx_hal_dma_ex.o
LOAD ./Drivers/STM32F4xx_HAL_Driver/Src/stm32f4xx_hal_dsi.o
LOAD ./Drivers/STM32F4xx_HAL_Driver/Src/stm32f4xx_hal_exti.o
LOAD ./Drivers/STM32F4xx_HAL_Driver/Src/stm32f4xx_hal_flash.o
LOAD ./Drivers/STM32F4xx_HAL_Driver/Src/stm32f4xx_hal_flash_ex.o
LOAD ./Drivers/STM32F4xx_HAL_Driver/Src/stm32f4xx_hal_flash_ramfunc.o
LOAD ./Drivers/STM32F4xx_HAL_Driver/Src/stm32f4xx_hal_gpio.o
LOAD ./Drivers/STM32F4xx_HAL_Driver/Src/stm32f4xx_hal_i2c.o
LOAD ./Drivers/STM32F4xx_HAL_Driver/Src/stm32f4xx_hal_i2c_ex.o
LOAD ./Drivers/STM32F4xx_HAL_Driver/Src/stm32f4xx_hal_ltdc.o
LOAD ./Drivers/STM32F4xx_HAL_Driver/Src/stm32f4xx_hal_ltdc_ex.o
LOAD ./Drivers/STM32F4xx_HAL_Driver/Src/stm32f4xx_hal_pwr.o
LOAD ./Drivers/STM32F4xx_HAL_Driver/Src/stm32f4xx_hal_pwr_ex.o
LOAD ./Drivers/STM32F4xx_HAL_Driver/Src/stm32f4xx_hal_rcc.o
LOAD ./Drivers/STM32F4xx_HAL_Driver/Src/stm32f4xx_hal_rcc_ex.o
LOAD ./Drivers/STM32F4xx_HAL_Driver/Src/stm32f4xx_hal_spi.o
LOAD ./Drivers/STM32F4xx_HAL_Driver/Src/stm32f4xx_hal_tim.o
LOAD ./Drivers/STM32F4xx_HAL_Driver/Src/stm32f4xx_hal_tim_ex.o
LOAD /Applications/STM32CubeIDE.app/Contents/Eclipse/plugins/com.st.stm32cube.ide.mcu.externaltools.gnu-tools-for-stm32.12.3.rel1.macos64_1.0.200.202406191456/tools/bin/../lib/gcc/arm-none-eabi/12.3.1/../../../../arm-none-eabi/lib/thumb/v7e-m/nofp/librdimon_nano.a
START GROUP
LOAD /Applications/STM32CubeIDE.app/Contents/Eclipse/plugins/com.st.stm32cube.ide.mcu.externaltools.gnu-tools-for-stm32.12.3.rel1.macos64_1.0.200.202406191456/tools/bin/../lib/gcc/arm-none-eabi/12.3.1/../../../../arm-none-eabi/lib/thumb/v7e-m/nofp/libc_nano.a
LOAD /Applications/STM32CubeIDE.app/Contents/Eclipse/plugins/com.st.stm32cube.ide.mcu.externaltools.gnu-tools-for-stm32.12.3.rel1.macos64_1.0.200.202406191456/tools/bin/../lib/gcc/arm-none-eabi/12.3.1/../../../../arm-none-eabi/lib/thumb/v7e-m/nofp/libm.a
END GROUP
START GROUP
LOAD /Applications/STM32CubeIDE.app/Contents/Eclipse/plugins/com.st.stm32cube.ide.mcu.externaltools.gnu-tools-for-stm32.12.3.rel1.macos64_1.0.200.202406191456/tools/bin/../lib/gcc/arm-none-eabi/12.3.1/thumb/v7e-m/nofp/libgcc.a
LOAD /Applications/STM32CubeIDE.app/Contents/Eclipse/plugins/com.st.stm32cube.ide.mcu.externaltools.gnu-tools-for-stm32.12.3.rel1.macos64_1.0.200.202406191456/tools/bin/../lib/gcc/arm-none-eabi/12.3.1/../../../../arm-none-eabi/lib/thumb/v7e-m/nofp/libc_nano.a
END GROUP
START GROUP
LOAD /Applications/STM32CubeIDE.app/Contents/Eclipse/plugins/com.st.stm32cube.ide.mcu.externaltools.gnu-tools-for-stm32.12.3.rel1.macos64_1.0.200.202406191456/tools/bin/../lib/gcc/arm-none-eabi/12.3.1/thumb/v7e-m/nofp/libgcc.a
LOAD /Applications/STM32CubeIDE.app/Contents/Eclipse/plugins/com.st.stm32cube.ide.mcu.externaltools.gnu-tools-for-stm32.12.3.rel1.macos64_1.0.200.202406191456/tools/bin/../lib/gcc/arm-none-eabi/12.3.1/../../../../arm-none-eabi/lib/thumb/v7e-m/nofp/libc_nano.a
LOAD /Applications/STM32CubeIDE.app/Contents/Eclipse/plugins/com.st.stm32cube.ide.mcu.externaltools.gnu-tools-for-stm32.12.3.rel1.macos64_1.0.200.202406191456/tools/bin/../lib/gcc/arm-none-eabi/12.3.1/../../../../arm-none-eabi/lib/thumb/v7e-m/nofp/libnosys.a
END GROUP
START GROUP
LOAD /Applications/STM32CubeIDE.app/Contents/Eclipse/plugins/com.st.stm32cube.ide.mcu.externaltools.gnu-tools-for-stm32.12.3.rel1.macos64_1.0.200.202406191456/tools/bin/../lib/gcc/arm-none-eabi/12.3.1/thumb/v7e-m/nofp/libgcc.a
LOAD /Applications/STM32CubeIDE.app/Contents/Eclipse/plugins/com.st.stm32cube.ide.mcu.externaltools.gnu-tools-for-stm32.12.3.rel1.macos64_1.0.200.202406191456/tools/bin/../lib/gcc/arm-none-eabi/12.3.1/../../../../arm-none-eabi/lib/thumb/v7e-m/nofp/libc_nano.a
LOAD /Applications/STM32CubeIDE.app/Contents/Eclipse/plugins/com.st.stm32cube.ide.mcu.externaltools.gnu-tools-for-stm32.12.3.rel1.macos64_1.0.200.202406191456/tools/bin/../lib/gcc/arm-none-eabi/12.3.1/../../../../arm-none-eabi/lib/thumb/v7e-m/nofp/librdimon_nano.a
END GROUP
START GROUP
LOAD /Applications/STM32CubeIDE.app/Contents/Eclipse/plugins/com.st.stm32cube.ide.mcu.externaltools.gnu-tools-for-stm32.12.3.rel1.macos64_1.0.200.202406191456/tools/bin/../lib/gcc/arm-none-eabi/12.3.1/thumb/v7e-m/nofp/libgcc.a
LOAD /Applications/STM32CubeIDE.app/Contents/Eclipse/plugins/com.st.stm32cube.ide.mcu.externaltools.gnu-tools-for-stm32.12.3.rel1.macos64_1.0.200.202406191456/tools/bin/../lib/gcc/arm-none-eabi/12.3.1/../../../../arm-none-eabi/lib/thumb/v7e-m/nofp/libc_nano.a
LOAD /Applications/STM32CubeIDE.app/Contents/Eclipse/plugins/com.st.stm32cube.ide.mcu.externaltools.gnu-tools-for-stm32.12.3.rel1.macos64_1.0.200.202406191456/tools/bin/../lib/gcc/arm-none-eabi/12.3.1/../../../../arm-none-eabi/lib/thumb/v7e-m/nofp/librdimon_nano.a
LOAD /Applications/STM32CubeIDE.app/Contents/Eclipse/plugins/com.st.stm32cube.ide.mcu.externaltools.gnu-tools-for-stm32.12.3.rel1.macos64_1.0.200.202406191456/tools/bin/../lib/gcc/arm-none-eabi/12.3.1/../../../../arm-none-eabi/lib/thumb/v7e-m/nofp/libnosys.a
END GROUP
LOAD /Applications/STM32CubeIDE.app/Contents/Eclipse/plugins/com.st.stm32cube.ide.mcu.externaltools.gnu-tools-for-stm32.12.3.rel1.macos64_1.0.200.202406191456/tools/bin/../lib/gcc/arm-none-eabi/12.3.1/thumb/v7e-m/nofp/crtend.o
LOAD /Applications/STM32CubeIDE.app/Contents/Eclipse/plugins/com.st.stm32cube.ide.mcu.externaltools.gnu-tools-for-stm32.12.3.rel1.macos64_1.0.200.202406191456/tools/bin/../lib/gcc/arm-none-eabi/12.3.1/thumb/v7e-m/nofp/crtn.o
                0x20030000                        _estack = (ORIGIN (RAM) + LENGTH (RAM))
                0x00000200                        _Min_Heap_Size = 0x200
                0x00000400                        _Min_Stack_Size = 0x400

.isr_vector     0x08000000      0x1ac
                0x08000000                        . = ALIGN (0x4)
 *(.isr_vector)
 .isr_vector    0x08000000      0x1ac ./Core/Startup/startup_stm32f429zitx.o
                0x08000000                g_pfnVectors
                0x080001ac                        . = ALIGN (0x4)

.text           0x080001b0     0x9d08
                0x080001b0                        . = ALIGN (0x4)
 *(.text)
 .text          0x080001b0       0x40 /Applications/STM32CubeIDE.app/Contents/Eclipse/plugins/com.st.stm32cube.ide.mcu.externaltools.gnu-tools-for-stm32.12.3.rel1.macos64_1.0.200.202406191456/tools/bin/../lib/gcc/arm-none-eabi/12.3.1/thumb/v7e-m/nofp/crtbegin.o
 .text          0x080001f0       0xa0 /Applications/STM32CubeIDE.app/Contents/Eclipse/plugins/com.st.stm32cube.ide.mcu.externaltools.gnu-tools-for-stm32.12.3.rel1.macos64_1.0.200.202406191456/tools/bin/../lib/gcc/arm-none-eabi/12.3.1/../../../../arm-none-eabi/lib/thumb/v7e-m/nofp/libc_nano.a(libc_a-memchr.o)
                0x080001f0                memchr
 .text          0x08000290       0x10 /Applications/STM32CubeIDE.app/Contents/Eclipse/plugins/com.st.stm32cube.ide.mcu.externaltools.gnu-tools-for-stm32.12.3.rel1.macos64_1.0.200.202406191456/tools/bin/../lib/gcc/arm-none-eabi/12.3.1/../../../../arm-none-eabi/lib/thumb/v7e-m/nofp/libc_nano.a(libc_a-strlen.o)
                0x08000290                strlen
 .text          0x080002a0      0x378 /Applications/STM32CubeIDE.app/Contents/Eclipse/plugins/com.st.stm32cube.ide.mcu.externaltools.gnu-tools-for-stm32.12.3.rel1.macos64_1.0.200.202406191456/tools/bin/../lib/gcc/arm-none-eabi/12.3.1/thumb/v7e-m/nofp/libgcc.a(_arm_addsubdf3.o)
                0x080002a0                __aeabi_drsub
                0x080002a8                __subdf3
                0x080002a8                __aeabi_dsub
                0x080002ac                __aeabi_dadd
                0x080002ac                __adddf3
                0x08000524                __aeabi_ui2d
                0x08000524                __floatunsidf
                0x08000544                __floatsidf
                0x08000544                __aeabi_i2d
                0x08000568                __extendsfdf2
                0x08000568                __aeabi_f2d
                0x080005ac                __aeabi_ul2d
                0x080005ac                __floatundidf
                0x080005bc                __aeabi_l2d
                0x080005bc                __floatdidf
 .text          0x08000618      0x424 /Applications/STM32CubeIDE.app/Contents/Eclipse/plugins/com.st.stm32cube.ide.mcu.externaltools.gnu-tools-for-stm32.12.3.rel1.macos64_1.0.200.202406191456/tools/bin/../lib/gcc/arm-none-eabi/12.3.1/thumb/v7e-m/nofp/libgcc.a(_arm_muldivdf3.o)
                0x08000618                __aeabi_dmul
                0x08000618                __muldf3
                0x0800086c                __aeabi_ddiv
                0x0800086c                __divdf3
 .text          0x08000a3c      0x110 /Applications/STM32CubeIDE.app/Contents/Eclipse/plugins/com.st.stm32cube.ide.mcu.externaltools.gnu-tools-for-stm32.12.3.rel1.macos64_1.0.200.202406191456/tools/bin/../lib/gcc/arm-none-eabi/12.3.1/thumb/v7e-m/nofp/libgcc.a(_arm_cmpdf2.o)
                0x08000a3c                __gedf2
                0x08000a3c                __gtdf2
                0x08000a44                __ledf2
                0x08000a44                __ltdf2
                0x08000a4c                __cmpdf2
                0x08000a4c                __eqdf2
                0x08000a4c                __nedf2
                0x08000ac8                __aeabi_cdrcmple
                0x08000ad8                __aeabi_cdcmple
                0x08000ad8                __aeabi_cdcmpeq
                0x08000ae8                __aeabi_dcmpeq
                0x08000afc                __aeabi_dcmplt
                0x08000b10                __aeabi_dcmple
                0x08000b24                __aeabi_dcmpge
                0x08000b38                __aeabi_dcmpgt
 .text          0x08000b4c       0x2c /Applications/STM32CubeIDE.app/Contents/Eclipse/plugins/com.st.stm32cube.ide.mcu.externaltools.gnu-tools-for-stm32.12.3.rel1.macos64_1.0.200.202406191456/tools/bin/../lib/gcc/arm-none-eabi/12.3.1/thumb/v7e-m/nofp/libgcc.a(_arm_unorddf2.o)
                0x08000b4c                __aeabi_dcmpun
                0x08000b4c                __unorddf2
 .text          0x08000b78       0x50 /Applications/STM32CubeIDE.app/Contents/Eclipse/plugins/com.st.stm32cube.ide.mcu.externaltools.gnu-tools-for-stm32.12.3.rel1.macos64_1.0.200.202406191456/tools/bin/../lib/gcc/arm-none-eabi/12.3.1/thumb/v7e-m/nofp/libgcc.a(_arm_fixdfsi.o)
                0x08000b78                __fixdfsi
                0x08000b78                __aeabi_d2iz
 .text          0x08000bc8      0x21c /Applications/STM32CubeIDE.app/Contents/Eclipse/plugins/com.st.stm32cube.ide.mcu.externaltools.gnu-tools-for-stm32.12.3.rel1.macos64_1.0.200.202406191456/tools/bin/../lib/gcc/arm-none-eabi/12.3.1/thumb/v7e-m/nofp/libgcc.a(_arm_addsubsf3.o)
                0x08000bc8                __aeabi_frsub
                0x08000bd0                __aeabi_fsub
                0x08000bd0                __subsf3
                0x08000bd4                __aeabi_fadd
                0x08000bd4                __addsf3
                0x08000d34                __aeabi_ui2f
                0x08000d34                __floatunsisf
                0x08000d3c                __floatsisf
                0x08000d3c                __aeabi_i2f
                0x08000d58                __aeabi_ul2f
                0x08000d58                __floatundisf
                0x08000d68                __aeabi_l2f
                0x08000d68                __floatdisf
 .text          0x08000de4      0x2a0 /Applications/STM32CubeIDE.app/Contents/Eclipse/plugins/com.st.stm32cube.ide.mcu.externaltools.gnu-tools-for-stm32.12.3.rel1.macos64_1.0.200.202406191456/tools/bin/../lib/gcc/arm-none-eabi/12.3.1/thumb/v7e-m/nofp/libgcc.a(_arm_muldivsf3.o)
                0x08000de4                __mulsf3
                0x08000de4                __aeabi_fmul
                0x08000f4c                __divsf3
                0x08000f4c                __aeabi_fdiv
 .text          0x08001084       0xec /Applications/STM32CubeIDE.app/Contents/Eclipse/plugins/com.st.stm32cube.ide.mcu.externaltools.gnu-tools-for-stm32.12.3.rel1.macos64_1.0.200.202406191456/tools/bin/../lib/gcc/arm-none-eabi/12.3.1/thumb/v7e-m/nofp/libgcc.a(_arm_cmpsf2.o)
                0x08001084                __gesf2
                0x08001084                __gtsf2
                0x0800108c                __ltsf2
                0x0800108c                __lesf2
                0x08001094                __nesf2
                0x08001094                __eqsf2
                0x08001094                __cmpsf2
                0x080010f4                __aeabi_cfrcmple
                0x080010fc                __aeabi_cfcmpeq
                0x080010fc                __aeabi_cfcmple
                0x0800110c                __aeabi_fcmpeq
                0x08001120                __aeabi_fcmplt
                0x08001134                __aeabi_fcmple
                0x08001148                __aeabi_fcmpge
                0x0800115c                __aeabi_fcmpgt
 .text          0x08001170       0x30 /Applications/STM32CubeIDE.app/Contents/Eclipse/plugins/com.st.stm32cube.ide.mcu.externaltools.gnu-tools-for-stm32.12.3.rel1.macos64_1.0.200.202406191456/tools/bin/../lib/gcc/arm-none-eabi/12.3.1/thumb/v7e-m/nofp/libgcc.a(_aeabi_uldivmod.o)
                0x08001170                __aeabi_uldivmod
 .text          0x080011a0      0x2bc /Applications/STM32CubeIDE.app/Contents/Eclipse/plugins/com.st.stm32cube.ide.mcu.externaltools.gnu-tools-for-stm32.12.3.rel1.macos64_1.0.200.202406191456/tools/bin/../lib/gcc/arm-none-eabi/12.3.1/thumb/v7e-m/nofp/libgcc.a(_udivmoddi4.o)
                0x080011a0                __udivmoddi4
 .text          0x0800145c        0x4 /Applications/STM32CubeIDE.app/Contents/Eclipse/plugins/com.st.stm32cube.ide.mcu.externaltools.gnu-tools-for-stm32.12.3.rel1.macos64_1.0.200.202406191456/tools/bin/../lib/gcc/arm-none-eabi/12.3.1/thumb/v7e-m/nofp/libgcc.a(_dvmd_tls.o)
                0x0800145c                __aeabi_ldiv0
                0x0800145c                __aeabi_idiv0
 *(.text*)
 .text.__NVIC_EnableIRQ
                0x08001460       0x38 ./Core/Src/ApplicationCode.o
 .text.__NVIC_DisableIRQ
                0x08001498       0x48 ./Core/Src/ApplicationCode.o
 .text.__NVIC_ClearPendingIRQ
                0x080014e0       0x3c ./Core/Src/ApplicationCode.o
 .text.ApplicationInit
                0x0800151c       0x50 ./Core/Src/ApplicationCode.o
                0x0800151c                ApplicationInit
 .text.App_ScreenHandler
                0x0800156c       0x50 ./Core/Src/ApplicationCode.o
                0x0800156c                App_ScreenHandler
 .text.App_startScreen
                0x080015bc       0xb4 ./Core/Src/ApplicationCode.o
                0x080015bc                App_startScreen
 .text.drawBackground
                0x08001670       0xc0 ./Core/Src/ApplicationCode.o
                0x08001670                drawBackground
 .text.App_DetectScreen
                0x08001730      0x170 ./Core/Src/ApplicationCode.o
                0x08001730                App_DetectScreen
 .text.drawTime
                0x080018a0       0xa0 ./Core/Src/ApplicationCode.o
                0x080018a0                drawTime
 .text.App_endScreen
                0x08001940      0x12c ./Core/Src/ApplicationCode.o
                0x08001940                App_endScreen
 .text.App_Stopwatch_init
                0x08001a6c        0xe ./Core/Src/ApplicationCode.o
                0x08001a6c                App_Stopwatch_init
 .text.App_Buzzer_init
                0x08001a7a        0xe ./Core/Src/ApplicationCode.o
                0x08001a7a                App_Buzzer_init
 .text.App_Buzzer_beep
                0x08001a88       0x4a ./Core/Src/ApplicationCode.o
                0x08001a88                App_Buzzer_beep
 *fill*         0x08001ad2        0x2 
 .text.EXTI15_10_IRQHandler
                0x08001ad4       0x94 ./Core/Src/ApplicationCode.o
                0x08001ad4                EXTI15_10_IRQHandler
 .text.TIM2_IRQHandler
                0x08001b68       0x34 ./Core/Src/ApplicationCode.o
                0x08001b68                TIM2_IRQHandler
 .text.LCD_GPIO_Init
                0x08001b9c      0x190 ./Core/Src/LCD_Driver.o
                0x08001b9c                LCD_GPIO_Init
 .text.LTCD_Layer_Init
                0x08001d2c       0x80 ./Core/Src/LCD_Driver.o
                0x08001d2c                LTCD_Layer_Init
 .text.LTCD__Init
                0x08001dac       0xbc ./Core/Src/LCD_Driver.o
                0x08001dac                LTCD__Init
 .text.LCD_Draw_Pixel
                0x08001e68       0x38 ./Core/Src/LCD_Driver.o
                0x08001e68                LCD_Draw_Pixel
 .text.LCD_Draw_Vertical_Line
                0x08001ea0       0x4e ./Core/Src/LCD_Driver.o
                0x08001ea0                LCD_Draw_Vertical_Line
 .text.LCD_Draw_Horizontal_Line
                0x08001eee       0x4e ./Core/Src/LCD_Driver.o
                0x08001eee                LCD_Draw_Horizontal_Line
 .text.LCD_DrawBox_Unfilled
                0x08001f3c       0x62 ./Core/Src/LCD_Driver.o
                0x08001f3c                LCD_DrawBox_Unfilled
 .text.LCD_DrawBox_Filled
                0x08001f9e       0x4c ./Core/Src/LCD_Driver.o
                0x08001f9e                LCD_DrawBox_Filled
 *fill*         0x08001fea        0x2 
 .text.LCD_Clear
                0x08001fec       0x44 ./Core/Src/LCD_Driver.o
                0x08001fec                LCD_Clear
 .text.LCD_SetTextColor
                0x08002030       0x20 ./Core/Src/LCD_Driver.o
                0x08002030                LCD_SetTextColor
 .text.LCD_SetFont
                0x08002050       0x1c ./Core/Src/LCD_Driver.o
                0x08002050                LCD_SetFont
 .text.LCD_Draw_Char
                0x0800206c       0xdc ./Core/Src/LCD_Driver.o
                0x0800206c                LCD_Draw_Char
 .text.LCD_DisplayChar
                0x08002148       0x4c ./Core/Src/LCD_Driver.o
                0x08002148                LCD_DisplayChar
 .text.LCD_DisplayStr
                0x08002194       0x60 ./Core/Src/LCD_Driver.o
                0x08002194                LCD_DisplayStr
 .text.LCD_Error_Handler
                0x080021f4        0xc ./Core/Src/LCD_Driver.o
                0x080021f4                LCD_Error_Handler
 .text.MetalDetectorInit
                0x08002200       0x48 ./Core/Src/MetalDetector.o
                0x08002200                MetalDetectorInit
 .text.pollDetector
                0x08002248       0x18 ./Core/Src/MetalDetector.o
                0x08002248                pollDetector
 .text.TIM_init
                0x08002260       0xf4 ./Core/Src/TimerCtl.o
                0x08002260                TIM_init
 .text.TIM_stopwatch_getTime
                0x08002354       0x34 ./Core/Src/TimerCtl.o
                0x08002354                TIM_stopwatch_getTime
 .text.TIM_start
                0x08002388       0x38 ./Core/Src/TimerCtl.o
                0x08002388                TIM_start
 .text.TIM_stop
                0x080023c0       0x38 ./Core/Src/TimerCtl.o
                0x080023c0                TIM_stop
 .text.TIM_reset
                0x080023f8       0x3c ./Core/Src/TimerCtl.o
                0x080023f8                TIM_reset
 .text.TIM_buzzer_clearUIF
                0x08002434       0x1c ./Core/Src/TimerCtl.o
                0x08002434                TIM_buzzer_clearUIF
 .text.TIM_buzzer_toggle
                0x08002450       0x14 ./Core/Src/TimerCtl.o
                0x08002450                TIM_buzzer_toggle
 .text.ili9341_Init
                0x08002464      0x294 ./Core/Src/ili9341.o
                0x08002464                ili9341_Init
 .text.ili9341_Write_Reg
                0x080026f8       0x1a ./Core/Src/ili9341.o
                0x080026f8                ili9341_Write_Reg
 .text.ili9341_Send_Data
                0x08002712       0x1a ./Core/Src/ili9341.o
                0x08002712                ili9341_Send_Data
 .text.SPI_Init
                0x0800272c       0x74 ./Core/Src/ili9341.o
 .text.SPI_Write
                0x080027a0       0x3c ./Core/Src/ili9341.o
 .text.SPI_Error
                0x080027dc       0x18 ./Core/Src/ili9341.o
 .text.SPI_MspInit
                0x080027f4       0x74 ./Core/Src/ili9341.o
 .text.LCD_IO_Init
                0x08002868       0xf0 ./Core/Src/ili9341.o
                0x08002868                LCD_IO_Init
 .text.LCD_IO_WriteData
                0x08002958       0x44 ./Core/Src/ili9341.o
                0x08002958                LCD_IO_WriteData
 .text.LCD_IO_WriteReg
                0x0800299c       0x44 ./Core/Src/ili9341.o
                0x0800299c                LCD_IO_WriteReg
 .text.LCD_Delay
                0x080029e0       0x16 ./Core/Src/ili9341.o
                0x080029e0                LCD_Delay
 .text.main     0x080029f6       0x24 ./Core/Src/main.o
                0x080029f6                main
 *fill*         0x08002a1a        0x2 
 .text.SystemClockOverride
                0x08002a1c       0x80 ./Core/Src/main.o
                0x08002a1c                SystemClockOverride
 .text.Error_Handler
                0x08002a9c        0xc ./Core/Src/main.o
                0x08002a9c                Error_Handler
 .text.HAL_MspInit
                0x08002aa8       0x50 ./Core/Src/stm32f4xx_hal_msp.o
                0x08002aa8                HAL_MspInit
 .text.HAL_I2C_MspInit
                0x08002af8       0xd4 ./Core/Src/stm32f4xx_hal_msp.o
                0x08002af8                HAL_I2C_MspInit
 .text.HAL_LTDC_MspInit
                0x08002bcc      0x250 ./Core/Src/stm32f4xx_hal_msp.o
                0x08002bcc                HAL_LTDC_MspInit
 .text.HAL_SPI_MspInit
                0x08002e1c       0x90 ./Core/Src/stm32f4xx_hal_msp.o
                0x08002e1c                HAL_SPI_MspInit
 .text.HAL_SPI_MspDeInit
                0x08002eac       0x3c ./Core/Src/stm32f4xx_hal_msp.o
                0x08002eac                HAL_SPI_MspDeInit
 .text.HAL_TIM_Base_MspInit
                0x08002ee8       0x68 ./Core/Src/stm32f4xx_hal_msp.o
                0x08002ee8                HAL_TIM_Base_MspInit
 .text.NMI_Handler
                0x08002f50        0x8 ./Core/Src/stm32f4xx_it.o
                0x08002f50                NMI_Handler
 .text.HardFault_Handler
                0x08002f58        0x8 ./Core/Src/stm32f4xx_it.o
                0x08002f58                HardFault_Handler
 .text.MemManage_Handler
                0x08002f60        0x8 ./Core/Src/stm32f4xx_it.o
                0x08002f60                MemManage_Handler
 .text.BusFault_Handler
                0x08002f68        0x8 ./Core/Src/stm32f4xx_it.o
                0x08002f68                BusFault_Handler
 .text.UsageFault_Handler
                0x08002f70        0x8 ./Core/Src/stm32f4xx_it.o
                0x08002f70                UsageFault_Handler
 .text.SVC_Handler
                0x08002f78        0xc ./Core/Src/stm32f4xx_it.o
                0x08002f78                SVC_Handler
 .text.DebugMon_Handler
                0x08002f84        0xc ./Core/Src/stm32f4xx_it.o
                0x08002f84                DebugMon_Handler
 .text.PendSV_Handler
                0x08002f90        0xc ./Core/Src/stm32f4xx_it.o
                0x08002f90                PendSV_Handler
 .text.SysTick_Handler
                0x08002f9c        0xc ./Core/Src/stm32f4xx_it.o
                0x08002f9c                SysTick_Handler
 .text.__NVIC_EnableIRQ
                0x08002fa8       0x38 ./Core/Src/stmpe811.o
 .text.STMPE811_Init
                0x08002fe0      0x18e ./Core/Src/stmpe811.o
                0x08002fe0                STMPE811_Init
 .text.STMPE811_Read
                0x0800316e       0x22 ./Core/Src/stmpe811.o
                0x0800316e                STMPE811_Read
 .text.STMPE811_DetermineTouchPosition
                0x08003190       0xee ./Core/Src/stmpe811.o
                0x08003190                STMPE811_DetermineTouchPosition
 *fill*         0x0800327e        0x2 
 .text.isSTMPE811_Ready
                0x08003280       0x34 ./Core/Src/stmpe811.o
                0x08003280                isSTMPE811_Ready
 .text.enableInterruptSupportForTouch
                0x080032b4       0x64 ./Core/Src/stmpe811.o
                0x080032b4                enableInterruptSupportForTouch
 .text.verifyHAL_I2C_IS_OKAY
                0x08003318       0x1c ./Core/Src/stmpe811.o
                0x08003318                verifyHAL_I2C_IS_OKAY
 .text.I2C3_Init
                0x08003334       0x7c ./Core/Src/stmpe811.o
 .text.I2C3_MspInit
                0x080033b0       0xa8 ./Core/Src/stmpe811.o
 .text.I2C3_Write
                0x08003458       0x54 ./Core/Src/stmpe811.o
                0x08003458                I2C3_Write
 .text.I2C3_Read
                0x080034ac       0x4c ./Core/Src/stmpe811.o
                0x080034ac                I2C3_Read
 .text.I2C3_MulitByteRead
                0x080034f8       0x44 ./Core/Src/stmpe811.o
                0x080034f8                I2C3_MulitByteRead
 .text.TM_STMPE811_ReadX
                0x0800353c       0xbc ./Core/Src/stmpe811.o
                0x0800353c                TM_STMPE811_ReadX
 .text.TM_STMPE811_ReadY
                0x080035f8       0xa4 ./Core/Src/stmpe811.o
                0x080035f8                TM_STMPE811_ReadY
 .text._sbrk    0x0800369c       0x6c ./Core/Src/sysmem.o
                0x0800369c                _sbrk
 .text.SystemInit
                0x08003708        0xc ./Core/Src/system_stm32f4xx.o
                0x08003708                SystemInit
 .text.Reset_Handler
                0x08003714       0x50 ./Core/Startup/startup_stm32f429zitx.o
                0x08003714                Reset_Handler
 .text.Default_Handler
                0x08003764        0x2 ./Core/Startup/startup_stm32f429zitx.o
                0x08003764                DMA1_Stream3_IRQHandler
                0x08003764                HASH_RNG_IRQHandler
                0x08003764                EXTI2_IRQHandler
                0x08003764                TIM8_CC_IRQHandler
                0x08003764                UART8_IRQHandler
                0x08003764                SPI4_IRQHandler
                0x08003764                TIM1_CC_IRQHandler
                0x08003764                DMA2_Stream5_IRQHandler
                0x08003764                DMA1_Stream5_IRQHandler
                0x08003764                PVD_IRQHandler
                0x08003764                SDIO_IRQHandler
                0x08003764                TAMP_STAMP_IRQHandler
                0x08003764                CAN2_RX1_IRQHandler
                0x08003764                EXTI3_IRQHandler
                0x08003764                TIM8_TRG_COM_TIM14_IRQHandler
                0x08003764                TIM1_UP_TIM10_IRQHandler
                0x08003764                TIM8_UP_TIM13_IRQHandler
                0x08003764                I2C3_ER_IRQHandler
                0x08003764                EXTI0_IRQHandler
                0x08003764                I2C2_EV_IRQHandler
                0x08003764                DMA1_Stream2_IRQHandler
                0x08003764                CAN1_RX0_IRQHandler
                0x08003764                FPU_IRQHandler
                0x08003764                OTG_HS_WKUP_IRQHandler
                0x08003764                LTDC_ER_IRQHandler
                0x08003764                CAN2_SCE_IRQHandler
                0x08003764                DMA2_Stream2_IRQHandler
                0x08003764                SPI1_IRQHandler
                0x08003764                TIM6_DAC_IRQHandler
                0x08003764                TIM1_BRK_TIM9_IRQHandler
                0x08003764                DCMI_IRQHandler
                0x08003764                CAN2_RX0_IRQHandler
                0x08003764                DMA2_Stream3_IRQHandler
                0x08003764                USART6_IRQHandler
                0x08003764                USART3_IRQHandler
                0x08003764                CAN1_RX1_IRQHandler
                0x08003764                UART5_IRQHandler
                0x08003764                DMA2_Stream0_IRQHandler
                0x08003764                TIM4_IRQHandler
                0x08003764                I2C1_EV_IRQHandler
                0x08003764                DMA1_Stream6_IRQHandler
                0x08003764                DMA1_Stream1_IRQHandler
                0x08003764                UART4_IRQHandler
                0x08003764                TIM3_IRQHandler
                0x08003764                RCC_IRQHandler
                0x08003764                TIM8_BRK_TIM12_IRQHandler
                0x08003764                Default_Handler
                0x08003764                ADC_IRQHandler
                0x08003764                DMA1_Stream7_IRQHandler
                0x08003764                SPI5_IRQHandler
                0x08003764                TIM7_IRQHandler
                0x08003764                CAN2_TX_IRQHandler
                0x08003764                TIM5_IRQHandler
                0x08003764                DMA2_Stream7_IRQHandler
                0x08003764                I2C3_EV_IRQHandler
                0x08003764                EXTI9_5_IRQHandler
                0x08003764                RTC_WKUP_IRQHandler
                0x08003764                LTDC_IRQHandler
                0x08003764                ETH_WKUP_IRQHandler
                0x08003764                SPI2_IRQHandler
                0x08003764                OTG_HS_EP1_IN_IRQHandler
                0x08003764                DMA1_Stream0_IRQHandler
                0x08003764                CAN1_TX_IRQHandler
                0x08003764                EXTI4_IRQHandler
                0x08003764                ETH_IRQHandler
                0x08003764                OTG_HS_EP1_OUT_IRQHandler
                0x08003764                WWDG_IRQHandler
                0x08003764                SPI6_IRQHandler
                0x08003764                OTG_FS_WKUP_IRQHandler
                0x08003764                TIM1_TRG_COM_TIM11_IRQHandler
                0x08003764                OTG_HS_IRQHandler
                0x08003764                DMA2D_IRQHandler
                0x08003764                EXTI1_IRQHandler
                0x08003764                UART7_IRQHandler
                0x08003764                USART2_IRQHandler
                0x08003764                I2C2_ER_IRQHandler
                0x08003764                DMA2_Stream1_IRQHandler
                0x08003764                CAN1_SCE_IRQHandler
                0x08003764                FLASH_IRQHandler
                0x08003764                DMA2_Stream4_IRQHandler
                0x08003764                USART1_IRQHandler
                0x08003764                OTG_FS_IRQHandler
                0x08003764                SPI3_IRQHandler
                0x08003764                DMA1_Stream4_IRQHandler
                0x08003764                I2C1_ER_IRQHandler
                0x08003764                FMC_IRQHandler
                0x08003764                DMA2_Stream6_IRQHandler
                0x08003764                SAI1_IRQHandler
                0x08003764                RTC_Alarm_IRQHandler
 *fill*         0x08003766        0x2 
 .text.HAL_Init
                0x08003768       0x44 ./Drivers/STM32F4xx_HAL_Driver/Src/stm32f4xx_hal.o
                0x08003768                HAL_Init
 .text.HAL_InitTick
                0x080037ac       0x60 ./Drivers/STM32F4xx_HAL_Driver/Src/stm32f4xx_hal.o
                0x080037ac                HAL_InitTick
 .text.HAL_IncTick
                0x0800380c       0x24 ./Drivers/STM32F4xx_HAL_Driver/Src/stm32f4xx_hal.o
                0x0800380c                HAL_IncTick
 .text.HAL_GetTick
                0x08003830       0x14 ./Drivers/STM32F4xx_HAL_Driver/Src/stm32f4xx_hal.o
                0x08003830                HAL_GetTick
 .text.HAL_Delay
                0x08003844       0x48 ./Drivers/STM32F4xx_HAL_Driver/Src/stm32f4xx_hal.o
                0x08003844                HAL_Delay
 .text.__NVIC_SetPriorityGrouping
                0x0800388c       0x48 ./Drivers/STM32F4xx_HAL_Driver/Src/stm32f4xx_hal_cortex.o
 .text.__NVIC_GetPriorityGrouping
                0x080038d4       0x1c ./Drivers/STM32F4xx_HAL_Driver/Src/stm32f4xx_hal_cortex.o
 .text.__NVIC_EnableIRQ
                0x080038f0       0x38 ./Drivers/STM32F4xx_HAL_Driver/Src/stm32f4xx_hal_cortex.o
 .text.__NVIC_DisableIRQ
                0x08003928       0x48 ./Drivers/STM32F4xx_HAL_Driver/Src/stm32f4xx_hal_cortex.o
 .text.__NVIC_ClearPendingIRQ
                0x08003970       0x3c ./Drivers/STM32F4xx_HAL_Driver/Src/stm32f4xx_hal_cortex.o
 .text.__NVIC_SetPriority
                0x080039ac       0x54 ./Drivers/STM32F4xx_HAL_Driver/Src/stm32f4xx_hal_cortex.o
 .text.NVIC_EncodePriority
                0x08003a00       0x64 ./Drivers/STM32F4xx_HAL_Driver/Src/stm32f4xx_hal_cortex.o
 .text.SysTick_Config
                0x08003a64       0x44 ./Drivers/STM32F4xx_HAL_Driver/Src/stm32f4xx_hal_cortex.o
 .text.HAL_NVIC_SetPriorityGrouping
                0x08003aa8       0x16 ./Drivers/STM32F4xx_HAL_Driver/Src/stm32f4xx_hal_cortex.o
                0x08003aa8                HAL_NVIC_SetPriorityGrouping
 .text.HAL_NVIC_SetPriority
                0x08003abe       0x38 ./Drivers/STM32F4xx_HAL_Driver/Src/stm32f4xx_hal_cortex.o
                0x08003abe                HAL_NVIC_SetPriority
 .text.HAL_NVIC_EnableIRQ
                0x08003af6       0x1c ./Drivers/STM32F4xx_HAL_Driver/Src/stm32f4xx_hal_cortex.o
                0x08003af6                HAL_NVIC_EnableIRQ
 .text.HAL_NVIC_DisableIRQ
                0x08003b12       0x1c ./Drivers/STM32F4xx_HAL_Driver/Src/stm32f4xx_hal_cortex.o
                0x08003b12                HAL_NVIC_DisableIRQ
 .text.HAL_SYSTICK_Config
                0x08003b2e       0x18 ./Drivers/STM32F4xx_HAL_Driver/Src/stm32f4xx_hal_cortex.o
                0x08003b2e                HAL_SYSTICK_Config
 .text.HAL_NVIC_ClearPendingIRQ
                0x08003b46       0x1c ./Drivers/STM32F4xx_HAL_Driver/Src/stm32f4xx_hal_cortex.o
                0x08003b46                HAL_NVIC_ClearPendingIRQ
 *fill*         0x08003b62        0x2 
 .text.HAL_EXTI_ClearPending
                0x08003b64       0x30 ./Drivers/STM32F4xx_HAL_Driver/Src/stm32f4xx_hal_exti.o
                0x08003b64                HAL_EXTI_ClearPending
 .text.HAL_GPIO_Init
                0x08003b94      0x354 ./Drivers/STM32F4xx_HAL_Driver/Src/stm32f4xx_hal_gpio.o
                0x08003b94                HAL_GPIO_Init
 .text.HAL_GPIO_DeInit
                0x08003ee8      0x214 ./Drivers/STM32F4xx_HAL_Driver/Src/stm32f4xx_hal_gpio.o
                0x08003ee8                HAL_GPIO_DeInit
 .text.HAL_GPIO_ReadPin
                0x080040fc       0x2e ./Drivers/STM32F4xx_HAL_Driver/Src/stm32f4xx_hal_gpio.o
                0x080040fc                HAL_GPIO_ReadPin
 .text.HAL_GPIO_WritePin
                0x0800412a       0x30 ./Drivers/STM32F4xx_HAL_Driver/Src/stm32f4xx_hal_gpio.o
                0x0800412a                HAL_GPIO_WritePin
 .text.HAL_GPIO_TogglePin
                0x0800415a       0x32 ./Drivers/STM32F4xx_HAL_Driver/Src/stm32f4xx_hal_gpio.o
                0x0800415a                HAL_GPIO_TogglePin
 .text.HAL_I2C_Init
                0x0800418c      0x288 ./Drivers/STM32F4xx_HAL_Driver/Src/stm32f4xx_hal_i2c.o
                0x0800418c                HAL_I2C_Init
 .text.HAL_I2C_Mem_Write
                0x08004414      0x1f4 ./Drivers/STM32F4xx_HAL_Driver/Src/stm32f4xx_hal_i2c.o
                0x08004414                HAL_I2C_Mem_Write
 .text.HAL_I2C_Mem_Read
                0x08004608      0x464 ./Drivers/STM32F4xx_HAL_Driver/Src/stm32f4xx_hal_i2c.o
                0x08004608                HAL_I2C_Mem_Read
 .text.HAL_I2C_IsDeviceReady
                0x08004a6c      0x25c ./Drivers/STM32F4xx_HAL_Driver/Src/stm32f4xx_hal_i2c.o
                0x08004a6c                HAL_I2C_IsDeviceReady
 .text.I2C_RequestMemoryWrite
                0x08004cc8      0x12c ./Drivers/STM32F4xx_HAL_Driver/Src/stm32f4xx_hal_i2c.o
 .text.I2C_RequestMemoryRead
                0x08004df4      0x1d0 ./Drivers/STM32F4xx_HAL_Driver/Src/stm32f4xx_hal_i2c.o
 .text.I2C_WaitOnFlagUntilTimeout
                0x08004fc4       0xf4 ./Drivers/STM32F4xx_HAL_Driver/Src/stm32f4xx_hal_i2c.o
 .text.I2C_WaitOnMasterAddressFlagUntilTimeout
                0x080050b8      0x140 ./Drivers/STM32F4xx_HAL_Driver/Src/stm32f4xx_hal_i2c.o
 .text.I2C_WaitOnTXEFlagUntilTimeout
                0x080051f8       0x90 ./Drivers/STM32F4xx_HAL_Driver/Src/stm32f4xx_hal_i2c.o
 .text.I2C_WaitOnBTFFlagUntilTimeout
                0x08005288       0x90 ./Drivers/STM32F4xx_HAL_Driver/Src/stm32f4xx_hal_i2c.o
 .text.I2C_WaitOnRXNEFlagUntilTimeout
                0x08005318       0xba ./Drivers/STM32F4xx_HAL_Driver/Src/stm32f4xx_hal_i2c.o
 .text.I2C_IsAcknowledgeFailed
                0x080053d2       0x5c ./Drivers/STM32F4xx_HAL_Driver/Src/stm32f4xx_hal_i2c.o
 *fill*         0x0800542e        0x2 
 .text.HAL_LTDC_Init
                0x08005430      0x1a0 ./Drivers/STM32F4xx_HAL_Driver/Src/stm32f4xx_hal_ltdc.o
                0x08005430                HAL_LTDC_Init
 .text.HAL_LTDC_ConfigLayer
                0x080055d0       0x7c ./Drivers/STM32F4xx_HAL_Driver/Src/stm32f4xx_hal_ltdc.o
                0x080055d0                HAL_LTDC_ConfigLayer
 .text.LTDC_SetConfig
                0x0800564c      0x32c ./Drivers/STM32F4xx_HAL_Driver/Src/stm32f4xx_hal_ltdc.o
 .text.HAL_RCC_OscConfig
                0x08005978      0x4f0 ./Drivers/STM32F4xx_HAL_Driver/Src/stm32f4xx_hal_rcc.o
                0x08005978                HAL_RCC_OscConfig
 .text.HAL_RCC_ClockConfig
                0x08005e68      0x1cc ./Drivers/STM32F4xx_HAL_Driver/Src/stm32f4xx_hal_rcc.o
                0x08005e68                HAL_RCC_ClockConfig
 .text.HAL_RCC_GetSysClockFreq
                0x08006034      0x218 ./Drivers/STM32F4xx_HAL_Driver/Src/stm32f4xx_hal_rcc.o
                0x08006034                HAL_RCC_GetSysClockFreq
 .text.HAL_RCC_GetHCLKFreq
                0x0800624c       0x14 ./Drivers/STM32F4xx_HAL_Driver/Src/stm32f4xx_hal_rcc.o
                0x0800624c                HAL_RCC_GetHCLKFreq
 .text.HAL_RCC_GetPCLK1Freq
                0x08006260       0x28 ./Drivers/STM32F4xx_HAL_Driver/Src/stm32f4xx_hal_rcc.o
                0x08006260                HAL_RCC_GetPCLK1Freq
 .text.HAL_RCCEx_PeriphCLKConfig
                0x08006288      0x380 ./Drivers/STM32F4xx_HAL_Driver/Src/stm32f4xx_hal_rcc_ex.o
                0x08006288                HAL_RCCEx_PeriphCLKConfig
 .text.HAL_SPI_Init
                0x08006608      0x112 ./Drivers/STM32F4xx_HAL_Driver/Src/stm32f4xx_hal_spi.o
                0x08006608                HAL_SPI_Init
 .text.HAL_SPI_DeInit
                0x0800671a       0x50 ./Drivers/STM32F4xx_HAL_Driver/Src/stm32f4xx_hal_spi.o
                0x0800671a                HAL_SPI_DeInit
 .text.HAL_SPI_Transmit
                0x0800676a      0x288 ./Drivers/STM32F4xx_HAL_Driver/Src/stm32f4xx_hal_spi.o
                0x0800676a                HAL_SPI_Transmit
 .text.HAL_SPI_GetState
                0x080069f2       0x1a ./Drivers/STM32F4xx_HAL_Driver/Src/stm32f4xx_hal_spi.o
                0x080069f2                HAL_SPI_GetState
 .text.SPI_WaitFlagStateUntilTimeout
                0x08006a0c      0x110 ./Drivers/STM32F4xx_HAL_Driver/Src/stm32f4xx_hal_spi.o
 .text.SPI_EndRxTxTransaction
                0x08006b1c       0xa8 ./Drivers/STM32F4xx_HAL_Driver/Src/stm32f4xx_hal_spi.o
 .text.HAL_TIM_Base_Init
                0x08006bc4       0x9e ./Drivers/STM32F4xx_HAL_Driver/Src/stm32f4xx_hal_tim.o
                0x08006bc4                HAL_TIM_Base_Init
 *fill*         0x08006c62        0x2 
 .text.HAL_TIM_Base_Start
                0x08006c64       0xcc ./Drivers/STM32F4xx_HAL_Driver/Src/stm32f4xx_hal_tim.o
                0x08006c64                HAL_TIM_Base_Start
 .text.HAL_TIM_Base_Stop
                0x08006d30       0x4c ./Drivers/STM32F4xx_HAL_Driver/Src/stm32f4xx_hal_tim.o
                0x08006d30                HAL_TIM_Base_Stop
 .text.HAL_TIM_Base_Start_IT
                0x08006d7c       0xdc ./Drivers/STM32F4xx_HAL_Driver/Src/stm32f4xx_hal_tim.o
                0x08006d7c                HAL_TIM_Base_Start_IT
 .text.HAL_TIM_Base_Stop_IT
                0x08006e58       0x5c ./Drivers/STM32F4xx_HAL_Driver/Src/stm32f4xx_hal_tim.o
                0x08006e58                HAL_TIM_Base_Stop_IT
 .text.TIM_Base_SetConfig
                0x08006eb4      0x154 ./Drivers/STM32F4xx_HAL_Driver/Src/stm32f4xx_hal_tim.o
                0x08006eb4                TIM_Base_SetConfig
 .text.findslot
                0x08007008       0x34 /Applications/STM32CubeIDE.app/Contents/Eclipse/plugins/com.st.stm32cube.ide.mcu.externaltools.gnu-tools-for-stm32.12.3.rel1.macos64_1.0.200.202406191456/tools/bin/../lib/gcc/arm-none-eabi/12.3.1/../../../../arm-none-eabi/lib/thumb/v7e-m/nofp/librdimon_nano.a(arm_librdimon_a-syscalls.o)
 .text.error    0x0800703c       0x1c /Applications/STM32CubeIDE.app/Contents/Eclipse/plugins/com.st.stm32cube.ide.mcu.externaltools.gnu-tools-for-stm32.12.3.rel1.macos64_1.0.200.202406191456/tools/bin/../lib/gcc/arm-none-eabi/12.3.1/../../../../arm-none-eabi/lib/thumb/v7e-m/nofp/librdimon_nano.a(arm_librdimon_a-syscalls.o)
 .text.checkerror
                0x08007058        0xa /Applications/STM32CubeIDE.app/Contents/Eclipse/plugins/com.st.stm32cube.ide.mcu.externaltools.gnu-tools-for-stm32.12.3.rel1.macos64_1.0.200.202406191456/tools/bin/../lib/gcc/arm-none-eabi/12.3.1/../../../../arm-none-eabi/lib/thumb/v7e-m/nofp/librdimon_nano.a(arm_librdimon_a-syscalls.o)
 .text._swiread
                0x08007062       0x20 /Applications/STM32CubeIDE.app/Contents/Eclipse/plugins/com.st.stm32cube.ide.mcu.externaltools.gnu-tools-for-stm32.12.3.rel1.macos64_1.0.200.202406191456/tools/bin/../lib/gcc/arm-none-eabi/12.3.1/../../../../arm-none-eabi/lib/thumb/v7e-m/nofp/librdimon_nano.a(arm_librdimon_a-syscalls.o)
                0x08007062                _swiread
 .text._read    0x08007082       0x34 /Applications/STM32CubeIDE.app/Contents/Eclipse/plugins/com.st.stm32cube.ide.mcu.externaltools.gnu-tools-for-stm32.12.3.rel1.macos64_1.0.200.202406191456/tools/bin/../lib/gcc/arm-none-eabi/12.3.1/../../../../arm-none-eabi/lib/thumb/v7e-m/nofp/librdimon_nano.a(arm_librdimon_a-syscalls.o)
                0x08007082                _read
 .text._swilseek
                0x080070b6       0x78 /Applications/STM32CubeIDE.app/Contents/Eclipse/plugins/com.st.stm32cube.ide.mcu.externaltools.gnu-tools-for-stm32.12.3.rel1.macos64_1.0.200.202406191456/tools/bin/../lib/gcc/arm-none-eabi/12.3.1/../../../../arm-none-eabi/lib/thumb/v7e-m/nofp/librdimon_nano.a(arm_librdimon_a-syscalls.o)
                0x080070b6                _swilseek
 .text._lseek   0x0800712e        0x4 /Applications/STM32CubeIDE.app/Contents/Eclipse/plugins/com.st.stm32cube.ide.mcu.externaltools.gnu-tools-for-stm32.12.3.rel1.macos64_1.0.200.202406191456/tools/bin/../lib/gcc/arm-none-eabi/12.3.1/../../../../arm-none-eabi/lib/thumb/v7e-m/nofp/librdimon_nano.a(arm_librdimon_a-syscalls.o)
                0x0800712e                _lseek
 .text._swiwrite
                0x08007132       0x20 /Applications/STM32CubeIDE.app/Contents/Eclipse/plugins/com.st.stm32cube.ide.mcu.externaltools.gnu-tools-for-stm32.12.3.rel1.macos64_1.0.200.202406191456/tools/bin/../lib/gcc/arm-none-eabi/12.3.1/../../../../arm-none-eabi/lib/thumb/v7e-m/nofp/librdimon_nano.a(arm_librdimon_a-syscalls.o)
                0x08007132                _swiwrite
 .text._write   0x08007152       0x40 /Applications/STM32CubeIDE.app/Contents/Eclipse/plugins/com.st.stm32cube.ide.mcu.externaltools.gnu-tools-for-stm32.12.3.rel1.macos64_1.0.200.202406191456/tools/bin/../lib/gcc/arm-none-eabi/12.3.1/../../../../arm-none-eabi/lib/thumb/v7e-m/nofp/librdimon_nano.a(arm_librdimon_a-syscalls.o)
                0x08007152                _write
 .text._swiclose
                0x08007192       0x1a /Applications/STM32CubeIDE.app/Contents/Eclipse/plugins/com.st.stm32cube.ide.mcu.externaltools.gnu-tools-for-stm32.12.3.rel1.macos64_1.0.200.202406191456/tools/bin/../lib/gcc/arm-none-eabi/12.3.1/../../../../arm-none-eabi/lib/thumb/v7e-m/nofp/librdimon_nano.a(arm_librdimon_a-syscalls.o)
                0x08007192                _swiclose
 .text._close   0x080071ac       0x44 /Applications/STM32CubeIDE.app/Contents/Eclipse/plugins/com.st.stm32cube.ide.mcu.externaltools.gnu-tools-for-stm32.12.3.rel1.macos64_1.0.200.202406191456/tools/bin/../lib/gcc/arm-none-eabi/12.3.1/../../../../arm-none-eabi/lib/thumb/v7e-m/nofp/librdimon_nano.a(arm_librdimon_a-syscalls.o)
                0x080071ac                _close
 .text._getpid  0x080071f0        0x4 /Applications/STM32CubeIDE.app/Contents/Eclipse/plugins/com.st.stm32cube.ide.mcu.externaltools.gnu-tools-for-stm32.12.3.rel1.macos64_1.0.200.202406191456/tools/bin/../lib/gcc/arm-none-eabi/12.3.1/../../../../arm-none-eabi/lib/thumb/v7e-m/nofp/librdimon_nano.a(arm_librdimon_a-syscalls.o)
                0x080071f0                _getpid
 .text._swistat
                0x080071f4       0x42 /Applications/STM32CubeIDE.app/Contents/Eclipse/plugins/com.st.stm32cube.ide.mcu.externaltools.gnu-tools-for-stm32.12.3.rel1.macos64_1.0.200.202406191456/tools/bin/../lib/gcc/arm-none-eabi/12.3.1/../../../../arm-none-eabi/lib/thumb/v7e-m/nofp/librdimon_nano.a(arm_librdimon_a-syscalls.o)
                0x080071f4                _swistat
 .text._fstat   0x08007236       0x1c /Applications/STM32CubeIDE.app/Contents/Eclipse/plugins/com.st.stm32cube.ide.mcu.externaltools.gnu-tools-for-stm32.12.3.rel1.macos64_1.0.200.202406191456/tools/bin/../lib/gcc/arm-none-eabi/12.3.1/../../../../arm-none-eabi/lib/thumb/v7e-m/nofp/librdimon_nano.a(arm_librdimon_a-syscalls.o)
                0x08007236                _fstat
 .text._isatty  0x08007252       0x3a /Applications/STM32CubeIDE.app/Contents/Eclipse/plugins/com.st.stm32cube.ide.mcu.externaltools.gnu-tools-for-stm32.12.3.rel1.macos64_1.0.200.202406191456/tools/bin/../lib/gcc/arm-none-eabi/12.3.1/../../../../arm-none-eabi/lib/thumb/v7e-m/nofp/librdimon_nano.a(arm_librdimon_a-syscalls.o)
                0x08007252                _isatty
 .text.__cvt    0x0800728c       0xc8 /Applications/STM32CubeIDE.app/Contents/Eclipse/plugins/com.st.stm32cube.ide.mcu.externaltools.gnu-tools-for-stm32.12.3.rel1.macos64_1.0.200.202406191456/tools/bin/../lib/gcc/arm-none-eabi/12.3.1/../../../../arm-none-eabi/lib/thumb/v7e-m/nofp/libc_nano.a(libc_a-nano-vfprintf_float.o)
                0x0800728c                __cvt
 .text.__exponent
                0x08007354       0x74 /Applications/STM32CubeIDE.app/Contents/Eclipse/plugins/com.st.stm32cube.ide.mcu.externaltools.gnu-tools-for-stm32.12.3.rel1.macos64_1.0.200.202406191456/tools/bin/../lib/gcc/arm-none-eabi/12.3.1/../../../../arm-none-eabi/lib/thumb/v7e-m/nofp/libc_nano.a(libc_a-nano-vfprintf_float.o)
                0x08007354                __exponent
 .text._printf_float
                0x080073c8      0x458 /Applications/STM32CubeIDE.app/Contents/Eclipse/plugins/com.st.stm32cube.ide.mcu.externaltools.gnu-tools-for-stm32.12.3.rel1.macos64_1.0.200.202406191456/tools/bin/../lib/gcc/arm-none-eabi/12.3.1/../../../../arm-none-eabi/lib/thumb/v7e-m/nofp/libc_nano.a(libc_a-nano-vfprintf_float.o)
                0x080073c8                _printf_float
 .text._printf_common
                0x08007820       0xda /Applications/STM32CubeIDE.app/Contents/Eclipse/plugins/com.st.stm32cube.ide.mcu.externaltools.gnu-tools-for-stm32.12.3.rel1.macos64_1.0.200.202406191456/tools/bin/../lib/gcc/arm-none-eabi/12.3.1/../../../../arm-none-eabi/lib/thumb/v7e-m/nofp/libc_nano.a(libc_a-nano-vfprintf_i.o)
                0x08007820                _printf_common
 *fill*         0x080078fa        0x2 
 .text._printf_i
                0x080078fc      0x240 /Applications/STM32CubeIDE.app/Contents/Eclipse/plugins/com.st.stm32cube.ide.mcu.externaltools.gnu-tools-for-stm32.12.3.rel1.macos64_1.0.200.202406191456/tools/bin/../lib/gcc/arm-none-eabi/12.3.1/../../../../arm-none-eabi/lib/thumb/v7e-m/nofp/libc_nano.a(libc_a-nano-vfprintf_i.o)
                0x080078fc                _printf_i
 .text.std      0x08007b3c       0x6c /Applications/STM32CubeIDE.app/Contents/Eclipse/plugins/com.st.stm32cube.ide.mcu.externaltools.gnu-tools-for-stm32.12.3.rel1.macos64_1.0.200.202406191456/tools/bin/../lib/gcc/arm-none-eabi/12.3.1/../../../../arm-none-eabi/lib/thumb/v7e-m/nofp/libc_nano.a(libc_a-findfp.o)
 .text.stdio_exit_handler
                0x08007ba8       0x18 /Applications/STM32CubeIDE.app/Contents/Eclipse/plugins/com.st.stm32cube.ide.mcu.externaltools.gnu-tools-for-stm32.12.3.rel1.macos64_1.0.200.202406191456/tools/bin/../lib/gcc/arm-none-eabi/12.3.1/../../../../arm-none-eabi/lib/thumb/v7e-m/nofp/libc_nano.a(libc_a-findfp.o)
 .text.cleanup_stdio
                0x08007bc0       0x40 /Applications/STM32CubeIDE.app/Contents/Eclipse/plugins/com.st.stm32cube.ide.mcu.externaltools.gnu-tools-for-stm32.12.3.rel1.macos64_1.0.200.202406191456/tools/bin/../lib/gcc/arm-none-eabi/12.3.1/../../../../arm-none-eabi/lib/thumb/v7e-m/nofp/libc_nano.a(libc_a-findfp.o)
 .text.global_stdio_init.part.0
                0x08007c00       0x3c /Applications/STM32CubeIDE.app/Contents/Eclipse/plugins/com.st.stm32cube.ide.mcu.externaltools.gnu-tools-for-stm32.12.3.rel1.macos64_1.0.200.202406191456/tools/bin/../lib/gcc/arm-none-eabi/12.3.1/../../../../arm-none-eabi/lib/thumb/v7e-m/nofp/libc_nano.a(libc_a-findfp.o)
 .text.__sfp_lock_acquire
                0x08007c3c        0xc /Applications/STM32CubeIDE.app/Contents/Eclipse/plugins/com.st.stm32cube.ide.mcu.externaltools.gnu-tools-for-stm32.12.3.rel1.macos64_1.0.200.202406191456/tools/bin/../lib/gcc/arm-none-eabi/12.3.1/../../../../arm-none-eabi/lib/thumb/v7e-m/nofp/libc_nano.a(libc_a-findfp.o)
                0x08007c3c                __sfp_lock_acquire
 .text.__sfp_lock_release
                0x08007c48        0xc /Applications/STM32CubeIDE.app/Contents/Eclipse/plugins/com.st.stm32cube.ide.mcu.externaltools.gnu-tools-for-stm32.12.3.rel1.macos64_1.0.200.202406191456/tools/bin/../lib/gcc/arm-none-eabi/12.3.1/../../../../arm-none-eabi/lib/thumb/v7e-m/nofp/libc_nano.a(libc_a-findfp.o)
                0x08007c48                __sfp_lock_release
 .text.__sinit  0x08007c54       0x30 /Applications/STM32CubeIDE.app/Contents/Eclipse/plugins/com.st.stm32cube.ide.mcu.externaltools.gnu-tools-for-stm32.12.3.rel1.macos64_1.0.200.202406191456/tools/bin/../lib/gcc/arm-none-eabi/12.3.1/../../../../arm-none-eabi/lib/thumb/v7e-m/nofp/libc_nano.a(libc_a-findfp.o)
                0x08007c54                __sinit
 .text._fwalk_sglue
                0x08007c84       0x3c /Applications/STM32CubeIDE.app/Contents/Eclipse/plugins/com.st.stm32cube.ide.mcu.externaltools.gnu-tools-for-stm32.12.3.rel1.macos64_1.0.200.202406191456/tools/bin/../lib/gcc/arm-none-eabi/12.3.1/../../../../arm-none-eabi/lib/thumb/v7e-m/nofp/libc_nano.a(libc_a-fwalk.o)
                0x08007c84                _fwalk_sglue
 .text.memset   0x08007cc0       0x10 /Applications/STM32CubeIDE.app/Contents/Eclipse/plugins/com.st.stm32cube.ide.mcu.externaltools.gnu-tools-for-stm32.12.3.rel1.macos64_1.0.200.202406191456/tools/bin/../lib/gcc/arm-none-eabi/12.3.1/../../../../arm-none-eabi/lib/thumb/v7e-m/nofp/libc_nano.a(libc_a-memset.o)
                0x08007cc0                memset
 .text._localeconv_r
                0x08007cd0        0x8 /Applications/STM32CubeIDE.app/Contents/Eclipse/plugins/com.st.stm32cube.ide.mcu.externaltools.gnu-tools-for-stm32.12.3.rel1.macos64_1.0.200.202406191456/tools/bin/../lib/gcc/arm-none-eabi/12.3.1/../../../../arm-none-eabi/lib/thumb/v7e-m/nofp/libc_nano.a(libc_a-localeconv.o)
                0x08007cd0                _localeconv_r
 .text.__errno  0x08007cd8        0xc /Applications/STM32CubeIDE.app/Contents/Eclipse/plugins/com.st.stm32cube.ide.mcu.externaltools.gnu-tools-for-stm32.12.3.rel1.macos64_1.0.200.202406191456/tools/bin/../lib/gcc/arm-none-eabi/12.3.1/../../../../arm-none-eabi/lib/thumb/v7e-m/nofp/libc_nano.a(libc_a-errno.o)
                0x08007cd8                __errno
 .text.__libc_init_array
                0x08007ce4       0x48 /Applications/STM32CubeIDE.app/Contents/Eclipse/plugins/com.st.stm32cube.ide.mcu.externaltools.gnu-tools-for-stm32.12.3.rel1.macos64_1.0.200.202406191456/tools/bin/../lib/gcc/arm-none-eabi/12.3.1/../../../../arm-none-eabi/lib/thumb/v7e-m/nofp/libc_nano.a(libc_a-init.o)
                0x08007ce4                __libc_init_array
 .text.__retarget_lock_init_recursive
                0x08007d2c        0x2 /Applications/STM32CubeIDE.app/Contents/Eclipse/plugins/com.st.stm32cube.ide.mcu.externaltools.gnu-tools-for-stm32.12.3.rel1.macos64_1.0.200.202406191456/tools/bin/../lib/gcc/arm-none-eabi/12.3.1/../../../../arm-none-eabi/lib/thumb/v7e-m/nofp/libc_nano.a(libc_a-lock.o)
                0x08007d2c                __retarget_lock_init_recursive
 .text.__retarget_lock_acquire_recursive
                0x08007d2e        0x2 /Applications/STM32CubeIDE.app/Contents/Eclipse/plugins/com.st.stm32cube.ide.mcu.externaltools.gnu-tools-for-stm32.12.3.rel1.macos64_1.0.200.202406191456/tools/bin/../lib/gcc/arm-none-eabi/12.3.1/../../../../arm-none-eabi/lib/thumb/v7e-m/nofp/libc_nano.a(libc_a-lock.o)
                0x08007d2e                __retarget_lock_acquire_recursive
 .text.__retarget_lock_release_recursive
                0x08007d30        0x2 /Applications/STM32CubeIDE.app/Contents/Eclipse/plugins/com.st.stm32cube.ide.mcu.externaltools.gnu-tools-for-stm32.12.3.rel1.macos64_1.0.200.202406191456/tools/bin/../lib/gcc/arm-none-eabi/12.3.1/../../../../arm-none-eabi/lib/thumb/v7e-m/nofp/libc_nano.a(libc_a-lock.o)
                0x08007d30                __retarget_lock_release_recursive
 *fill*         0x08007d32        0x2 
 .text.gcvt     0x08007d34       0x48 /Applications/STM32CubeIDE.app/Contents/Eclipse/plugins/com.st.stm32cube.ide.mcu.externaltools.gnu-tools-for-stm32.12.3.rel1.macos64_1.0.200.202406191456/tools/bin/../lib/gcc/arm-none-eabi/12.3.1/../../../../arm-none-eabi/lib/thumb/v7e-m/nofp/libc_nano.a(libc_a-efgcvt.o)
                0x08007d34                gcvt
 .text.quorem   0x08007d7c      0x110 /Applications/STM32CubeIDE.app/Contents/Eclipse/plugins/com.st.stm32cube.ide.mcu.externaltools.gnu-tools-for-stm32.12.3.rel1.macos64_1.0.200.202406191456/tools/bin/../lib/gcc/arm-none-eabi/12.3.1/../../../../arm-none-eabi/lib/thumb/v7e-m/nofp/libc_nano.a(libc_a-dtoa.o)
 *fill*         0x08007e8c        0x4 
 .text._dtoa_r  0x08007e90      0xb90 /Applications/STM32CubeIDE.app/Contents/Eclipse/plugins/com.st.stm32cube.ide.mcu.externaltools.gnu-tools-for-stm32.12.3.rel1.macos64_1.0.200.202406191456/tools/bin/../lib/gcc/arm-none-eabi/12.3.1/../../../../arm-none-eabi/lib/thumb/v7e-m/nofp/libc_nano.a(libc_a-dtoa.o)
                0x08007e90                _dtoa_r
 .text.__sfputc_r
                0x08008a20       0x2a /Applications/STM32CubeIDE.app/Contents/Eclipse/plugins/com.st.stm32cube.ide.mcu.externaltools.gnu-tools-for-stm32.12.3.rel1.macos64_1.0.200.202406191456/tools/bin/../lib/gcc/arm-none-eabi/12.3.1/../../../../arm-none-eabi/lib/thumb/v7e-m/nofp/libc_nano.a(libc_a-nano-vfprintf.o)
 .text.__sfputs_r
                0x08008a4a       0x24 /Applications/STM32CubeIDE.app/Contents/Eclipse/plugins/com.st.stm32cube.ide.mcu.externaltools.gnu-tools-for-stm32.12.3.rel1.macos64_1.0.200.202406191456/tools/bin/../lib/gcc/arm-none-eabi/12.3.1/../../../../arm-none-eabi/lib/thumb/v7e-m/nofp/libc_nano.a(libc_a-nano-vfprintf.o)
                0x08008a4a                __sfputs_r
 *fill*         0x08008a6e        0x2 
 .text._vfprintf_r
                0x08008a70      0x230 /Applications/STM32CubeIDE.app/Contents/Eclipse/plugins/com.st.stm32cube.ide.mcu.externaltools.gnu-tools-for-stm32.12.3.rel1.macos64_1.0.200.202406191456/tools/bin/../lib/gcc/arm-none-eabi/12.3.1/../../../../arm-none-eabi/lib/thumb/v7e-m/nofp/libc_nano.a(libc_a-nano-vfprintf.o)
                0x08008a70                _vfiprintf_r
                0x08008a70                _vfprintf_r
 .text.malloc   0x08008ca0       0x10 /Applications/STM32CubeIDE.app/Contents/Eclipse/plugins/com.st.stm32cube.ide.mcu.externaltools.gnu-tools-for-stm32.12.3.rel1.macos64_1.0.200.202406191456/tools/bin/../lib/gcc/arm-none-eabi/12.3.1/../../../../arm-none-eabi/lib/thumb/v7e-m/nofp/libc_nano.a(libc_a-malloc.o)
                0x08008ca0                malloc
 .text.sbrk_aligned
                0x08008cb0       0x44 /Applications/STM32CubeIDE.app/Contents/Eclipse/plugins/com.st.stm32cube.ide.mcu.externaltools.gnu-tools-for-stm32.12.3.rel1.macos64_1.0.200.202406191456/tools/bin/../lib/gcc/arm-none-eabi/12.3.1/../../../../arm-none-eabi/lib/thumb/v7e-m/nofp/libc_nano.a(libc_a-mallocr.o)
 .text._malloc_r
                0x08008cf4      0x100 /Applications/STM32CubeIDE.app/Contents/Eclipse/plugins/com.st.stm32cube.ide.mcu.externaltools.gnu-tools-for-stm32.12.3.rel1.macos64_1.0.200.202406191456/tools/bin/../lib/gcc/arm-none-eabi/12.3.1/../../../../arm-none-eabi/lib/thumb/v7e-m/nofp/libc_nano.a(libc_a-mallocr.o)
                0x08008cf4                _malloc_r
 .text.__sflush_r
                0x08008df4      0x100 /Applications/STM32CubeIDE.app/Contents/Eclipse/plugins/com.st.stm32cube.ide.mcu.externaltools.gnu-tools-for-stm32.12.3.rel1.macos64_1.0.200.202406191456/tools/bin/../lib/gcc/arm-none-eabi/12.3.1/../../../../arm-none-eabi/lib/thumb/v7e-m/nofp/libc_nano.a(libc_a-fflush.o)
                0x08008df4                __sflush_r
 .text._fflush_r
                0x08008ef4       0x50 /Applications/STM32CubeIDE.app/Contents/Eclipse/plugins/com.st.stm32cube.ide.mcu.externaltools.gnu-tools-for-stm32.12.3.rel1.macos64_1.0.200.202406191456/tools/bin/../lib/gcc/arm-none-eabi/12.3.1/../../../../arm-none-eabi/lib/thumb/v7e-m/nofp/libc_nano.a(libc_a-fflush.o)
                0x08008ef4                _fflush_r
 .text.__malloc_lock
                0x08008f44        0xc /Applications/STM32CubeIDE.app/Contents/Eclipse/plugins/com.st.stm32cube.ide.mcu.externaltools.gnu-tools-for-stm32.12.3.rel1.macos64_1.0.200.202406191456/tools/bin/../lib/gcc/arm-none-eabi/12.3.1/../../../../arm-none-eabi/lib/thumb/v7e-m/nofp/libc_nano.a(libc_a-mlock.o)
                0x08008f44                __malloc_lock
 .text.__malloc_unlock
                0x08008f50        0xc /Applications/STM32CubeIDE.app/Contents/Eclipse/plugins/com.st.stm32cube.ide.mcu.externaltools.gnu-tools-for-stm32.12.3.rel1.macos64_1.0.200.202406191456/tools/bin/../lib/gcc/arm-none-eabi/12.3.1/../../../../arm-none-eabi/lib/thumb/v7e-m/nofp/libc_nano.a(libc_a-mlock.o)
                0x08008f50                __malloc_unlock
 .text._Balloc  0x08008f5c       0x80 /Applications/STM32CubeIDE.app/Contents/Eclipse/plugins/com.st.stm32cube.ide.mcu.externaltools.gnu-tools-for-stm32.12.3.rel1.macos64_1.0.200.202406191456/tools/bin/../lib/gcc/arm-none-eabi/12.3.1/../../../../arm-none-eabi/lib/thumb/v7e-m/nofp/libc_nano.a(libc_a-mprec.o)
                0x08008f5c                _Balloc
 .text._Bfree   0x08008fdc       0x44 /Applications/STM32CubeIDE.app/Contents/Eclipse/plugins/com.st.stm32cube.ide.mcu.externaltools.gnu-tools-for-stm32.12.3.rel1.macos64_1.0.200.202406191456/tools/bin/../lib/gcc/arm-none-eabi/12.3.1/../../../../arm-none-eabi/lib/thumb/v7e-m/nofp/libc_nano.a(libc_a-mprec.o)
                0x08008fdc                _Bfree
 .text.__multadd
                0x08009020       0x8c /Applications/STM32CubeIDE.app/Contents/Eclipse/plugins/com.st.stm32cube.ide.mcu.externaltools.gnu-tools-for-stm32.12.3.rel1.macos64_1.0.200.202406191456/tools/bin/../lib/gcc/arm-none-eabi/12.3.1/../../../../arm-none-eabi/lib/thumb/v7e-m/nofp/libc_nano.a(libc_a-mprec.o)
                0x08009020                __multadd
 .text.__hi0bits
                0x080090ac       0x3e /Applications/STM32CubeIDE.app/Contents/Eclipse/plugins/com.st.stm32cube.ide.mcu.externaltools.gnu-tools-for-stm32.12.3.rel1.macos64_1.0.200.202406191456/tools/bin/../lib/gcc/arm-none-eabi/12.3.1/../../../../arm-none-eabi/lib/thumb/v7e-m/nofp/libc_nano.a(libc_a-mprec.o)
                0x080090ac                __hi0bits
 .text.__lo0bits
                0x080090ea       0x5a /Applications/STM32CubeIDE.app/Contents/Eclipse/plugins/com.st.stm32cube.ide.mcu.externaltools.gnu-tools-for-stm32.12.3.rel1.macos64_1.0.200.202406191456/tools/bin/../lib/gcc/arm-none-eabi/12.3.1/../../../../arm-none-eabi/lib/thumb/v7e-m/nofp/libc_nano.a(libc_a-mprec.o)
                0x080090ea                __lo0bits
 .text.__i2b    0x08009144       0x2c /Applications/STM32CubeIDE.app/Contents/Eclipse/plugins/com.st.stm32cube.ide.mcu.externaltools.gnu-tools-for-stm32.12.3.rel1.macos64_1.0.200.202406191456/tools/bin/../lib/gcc/arm-none-eabi/12.3.1/../../../../arm-none-eabi/lib/thumb/v7e-m/nofp/libc_nano.a(libc_a-mprec.o)
                0x08009144                __i2b
 .text.__multiply
                0x08009170      0x154 /Applications/STM32CubeIDE.app/Contents/Eclipse/plugins/com.st.stm32cube.ide.mcu.externaltools.gnu-tools-for-stm32.12.3.rel1.macos64_1.0.200.202406191456/tools/bin/../lib/gcc/arm-none-eabi/12.3.1/../../../../arm-none-eabi/lib/thumb/v7e-m/nofp/libc_nano.a(libc_a-mprec.o)
                0x08009170                __multiply
 .text.__pow5mult
                0x080092c4       0xb4 /Applications/STM32CubeIDE.app/Contents/Eclipse/plugins/com.st.stm32cube.ide.mcu.externaltools.gnu-tools-for-stm32.12.3.rel1.macos64_1.0.200.202406191456/tools/bin/../lib/gcc/arm-none-eabi/12.3.1/../../../../arm-none-eabi/lib/thumb/v7e-m/nofp/libc_nano.a(libc_a-mprec.o)
                0x080092c4                __pow5mult
 .text.__lshift
                0x08009378       0xd8 /Applications/STM32CubeIDE.app/Contents/Eclipse/plugins/com.st.stm32cube.ide.mcu.externaltools.gnu-tools-for-stm32.12.3.rel1.macos64_1.0.200.202406191456/tools/bin/../lib/gcc/arm-none-eabi/12.3.1/../../../../arm-none-eabi/lib/thumb/v7e-m/nofp/libc_nano.a(libc_a-mprec.o)
                0x08009378                __lshift
 .text.__mcmp   0x08009450       0x36 /Applications/STM32CubeIDE.app/Contents/Eclipse/plugins/com.st.stm32cube.ide.mcu.externaltools.gnu-tools-for-stm32.12.3.rel1.macos64_1.0.200.202406191456/tools/bin/../lib/gcc/arm-none-eabi/12.3.1/../../../../arm-none-eabi/lib/thumb/v7e-m/nofp/libc_nano.a(libc_a-mprec.o)
                0x08009450                __mcmp
 *fill*         0x08009486        0x2 
 .text.__mdiff  0x08009488      0x124 /Applications/STM32CubeIDE.app/Contents/Eclipse/plugins/com.st.stm32cube.ide.mcu.externaltools.gnu-tools-for-stm32.12.3.rel1.macos64_1.0.200.202406191456/tools/bin/../lib/gcc/arm-none-eabi/12.3.1/../../../../arm-none-eabi/lib/thumb/v7e-m/nofp/libc_nano.a(libc_a-mprec.o)
                0x08009488                __mdiff
 .text.__d2b    0x080095ac       0xb0 /Applications/STM32CubeIDE.app/Contents/Eclipse/plugins/com.st.stm32cube.ide.mcu.externaltools.gnu-tools-for-stm32.12.3.rel1.macos64_1.0.200.202406191456/tools/bin/../lib/gcc/arm-none-eabi/12.3.1/../../../../arm-none-eabi/lib/thumb/v7e-m/nofp/libc_nano.a(libc_a-mprec.o)
                0x080095ac                __d2b
 .text._mprec_log10
                0x0800965c       0x38 /Applications/STM32CubeIDE.app/Contents/Eclipse/plugins/com.st.stm32cube.ide.mcu.externaltools.gnu-tools-for-stm32.12.3.rel1.macos64_1.0.200.202406191456/tools/bin/../lib/gcc/arm-none-eabi/12.3.1/../../../../arm-none-eabi/lib/thumb/v7e-m/nofp/libc_nano.a(libc_a-mprec.o)
                0x0800965c                _mprec_log10
 .text.__sread  0x08009694       0x22 /Applications/STM32CubeIDE.app/Contents/Eclipse/plugins/com.st.stm32cube.ide.mcu.externaltools.gnu-tools-for-stm32.12.3.rel1.macos64_1.0.200.202406191456/tools/bin/../lib/gcc/arm-none-eabi/12.3.1/../../../../arm-none-eabi/lib/thumb/v7e-m/nofp/libc_nano.a(libc_a-stdio.o)
                0x08009694                __sread
 .text.__swrite
                0x080096b6       0x38 /Applications/STM32CubeIDE.app/Contents/Eclipse/plugins/com.st.stm32cube.ide.mcu.externaltools.gnu-tools-for-stm32.12.3.rel1.macos64_1.0.200.202406191456/tools/bin/../lib/gcc/arm-none-eabi/12.3.1/../../../../arm-none-eabi/lib/thumb/v7e-m/nofp/libc_nano.a(libc_a-stdio.o)
                0x080096b6                __swrite
 .text.__sseek  0x080096ee       0x24 /Applications/STM32CubeIDE.app/Contents/Eclipse/plugins/com.st.stm32cube.ide.mcu.externaltools.gnu-tools-for-stm32.12.3.rel1.macos64_1.0.200.202406191456/tools/bin/../lib/gcc/arm-none-eabi/12.3.1/../../../../arm-none-eabi/lib/thumb/v7e-m/nofp/libc_nano.a(libc_a-stdio.o)
                0x080096ee                __sseek
 .text.__sclose
                0x08009712        0x8 /Applications/STM32CubeIDE.app/Contents/Eclipse/plugins/com.st.stm32cube.ide.mcu.externaltools.gnu-tools-for-stm32.12.3.rel1.macos64_1.0.200.202406191456/tools/bin/../lib/gcc/arm-none-eabi/12.3.1/../../../../arm-none-eabi/lib/thumb/v7e-m/nofp/libc_nano.a(libc_a-stdio.o)
                0x08009712                __sclose
 .text.__swbuf_r
                0x0800971a       0x7c /Applications/STM32CubeIDE.app/Contents/Eclipse/plugins/com.st.stm32cube.ide.mcu.externaltools.gnu-tools-for-stm32.12.3.rel1.macos64_1.0.200.202406191456/tools/bin/../lib/gcc/arm-none-eabi/12.3.1/../../../../arm-none-eabi/lib/thumb/v7e-m/nofp/libc_nano.a(libc_a-wbuf.o)
                0x0800971a                __swbuf_r
 *fill*         0x08009796        0x2 
 .text.__swsetup_r
                0x08009798       0xac /Applications/STM32CubeIDE.app/Contents/Eclipse/plugins/com.st.stm32cube.ide.mcu.externaltools.gnu-tools-for-stm32.12.3.rel1.macos64_1.0.200.202406191456/tools/bin/../lib/gcc/arm-none-eabi/12.3.1/../../../../arm-none-eabi/lib/thumb/v7e-m/nofp/libc_nano.a(libc_a-wsetup.o)
                0x08009798                __swsetup_r
 .text.__swhatbuf_r
                0x08009844       0x4c /Applications/STM32CubeIDE.app/Contents/Eclipse/plugins/com.st.stm32cube.ide.mcu.externaltools.gnu-tools-for-stm32.12.3.rel1.macos64_1.0.200.202406191456/tools/bin/../lib/gcc/arm-none-eabi/12.3.1/../../../../arm-none-eabi/lib/thumb/v7e-m/nofp/libc_nano.a(libc_a-makebuf.o)
                0x08009844                __swhatbuf_r
 .text.__smakebuf_r
                0x08009890       0x78 /Applications/STM32CubeIDE.app/Contents/Eclipse/plugins/com.st.stm32cube.ide.mcu.externaltools.gnu-tools-for-stm32.12.3.rel1.macos64_1.0.200.202406191456/tools/bin/../lib/gcc/arm-none-eabi/12.3.1/../../../../arm-none-eabi/lib/thumb/v7e-m/nofp/libc_nano.a(libc_a-makebuf.o)
                0x08009890                __smakebuf_r
 .text._close_r
                0x08009908       0x20 /Applications/STM32CubeIDE.app/Contents/Eclipse/plugins/com.st.stm32cube.ide.mcu.externaltools.gnu-tools-for-stm32.12.3.rel1.macos64_1.0.200.202406191456/tools/bin/../lib/gcc/arm-none-eabi/12.3.1/../../../../arm-none-eabi/lib/thumb/v7e-m/nofp/libc_nano.a(libc_a-closer.o)
                0x08009908                _close_r
 .text._fstat_r
                0x08009928       0x24 /Applications/STM32CubeIDE.app/Contents/Eclipse/plugins/com.st.stm32cube.ide.mcu.externaltools.gnu-tools-for-stm32.12.3.rel1.macos64_1.0.200.202406191456/tools/bin/../lib/gcc/arm-none-eabi/12.3.1/../../../../arm-none-eabi/lib/thumb/v7e-m/nofp/libc_nano.a(libc_a-fstatr.o)
                0x08009928                _fstat_r
 .text._isatty_r
                0x0800994c       0x20 /Applications/STM32CubeIDE.app/Contents/Eclipse/plugins/com.st.stm32cube.ide.mcu.externaltools.gnu-tools-for-stm32.12.3.rel1.macos64_1.0.200.202406191456/tools/bin/../lib/gcc/arm-none-eabi/12.3.1/../../../../arm-none-eabi/lib/thumb/v7e-m/nofp/libc_nano.a(libc_a-isattyr.o)
                0x0800994c                _isatty_r
 .text._lseek_r
                0x0800996c       0x24 /Applications/STM32CubeIDE.app/Contents/Eclipse/plugins/com.st.stm32cube.ide.mcu.externaltools.gnu-tools-for-stm32.12.3.rel1.macos64_1.0.200.202406191456/tools/bin/../lib/gcc/arm-none-eabi/12.3.1/../../../../arm-none-eabi/lib/thumb/v7e-m/nofp/libc_nano.a(libc_a-lseekr.o)
                0x0800996c                _lseek_r
 .text._read_r  0x08009990       0x24 /Applications/STM32CubeIDE.app/Contents/Eclipse/plugins/com.st.stm32cube.ide.mcu.externaltools.gnu-tools-for-stm32.12.3.rel1.macos64_1.0.200.202406191456/tools/bin/../lib/gcc/arm-none-eabi/12.3.1/../../../../arm-none-eabi/lib/thumb/v7e-m/nofp/libc_nano.a(libc_a-readr.o)
                0x08009990                _read_r
 .text._sbrk_r  0x080099b4       0x20 /Applications/STM32CubeIDE.app/Contents/Eclipse/plugins/com.st.stm32cube.ide.mcu.externaltools.gnu-tools-for-stm32.12.3.rel1.macos64_1.0.200.202406191456/tools/bin/../lib/gcc/arm-none-eabi/12.3.1/../../../../arm-none-eabi/lib/thumb/v7e-m/nofp/libc_nano.a(libc_a-sbrkr.o)
                0x080099b4                _sbrk_r
 .text._write_r
                0x080099d4       0x24 /Applications/STM32CubeIDE.app/Contents/Eclipse/plugins/com.st.stm32cube.ide.mcu.externaltools.gnu-tools-for-stm32.12.3.rel1.macos64_1.0.200.202406191456/tools/bin/../lib/gcc/arm-none-eabi/12.3.1/../../../../arm-none-eabi/lib/thumb/v7e-m/nofp/libc_nano.a(libc_a-writer.o)
                0x080099d4                _write_r
 .text.print_e  0x080099f8       0xee /Applications/STM32CubeIDE.app/Contents/Eclipse/plugins/com.st.stm32cube.ide.mcu.externaltools.gnu-tools-for-stm32.12.3.rel1.macos64_1.0.200.202406191456/tools/bin/../lib/gcc/arm-none-eabi/12.3.1/../../../../arm-none-eabi/lib/thumb/v7e-m/nofp/libc_nano.a(libc_a-ecvtbuf.o)
 *fill*         0x08009ae6        0x2 
 .text._gcvt    0x08009ae8      0x188 /Applications/STM32CubeIDE.app/Contents/Eclipse/plugins/com.st.stm32cube.ide.mcu.externaltools.gnu-tools-for-stm32.12.3.rel1.macos64_1.0.200.202406191456/tools/bin/../lib/gcc/arm-none-eabi/12.3.1/../../../../arm-none-eabi/lib/thumb/v7e-m/nofp/libc_nano.a(libc_a-ecvtbuf.o)
                0x08009ae8                _gcvt
 .text.memcpy   0x08009c70       0x1c /Applications/STM32CubeIDE.app/Contents/Eclipse/plugins/com.st.stm32cube.ide.mcu.externaltools.gnu-tools-for-stm32.12.3.rel1.macos64_1.0.200.202406191456/tools/bin/../lib/gcc/arm-none-eabi/12.3.1/../../../../arm-none-eabi/lib/thumb/v7e-m/nofp/libc_nano.a(libc_a-memcpy-stub.o)
                0x08009c70                memcpy
 .text.strcpy   0x08009c8c       0x10 /Applications/STM32CubeIDE.app/Contents/Eclipse/plugins/com.st.stm32cube.ide.mcu.externaltools.gnu-tools-for-stm32.12.3.rel1.macos64_1.0.200.202406191456/tools/bin/../lib/gcc/arm-none-eabi/12.3.1/../../../../arm-none-eabi/lib/thumb/v7e-m/nofp/libc_nano.a(libc_a-strcpy.o)
                0x08009c8c                strcpy
 .text.__assert_func
                0x08009c9c       0x3c /Applications/STM32CubeIDE.app/Contents/Eclipse/plugins/com.st.stm32cube.ide.mcu.externaltools.gnu-tools-for-stm32.12.3.rel1.macos64_1.0.200.202406191456/tools/bin/../lib/gcc/arm-none-eabi/12.3.1/../../../../arm-none-eabi/lib/thumb/v7e-m/nofp/libc_nano.a(libc_a-assert.o)
                0x08009c9c                __assert_func
 .text._calloc_r
                0x08009cd8       0x28 /Applications/STM32CubeIDE.app/Contents/Eclipse/plugins/com.st.stm32cube.ide.mcu.externaltools.gnu-tools-for-stm32.12.3.rel1.macos64_1.0.200.202406191456/tools/bin/../lib/gcc/arm-none-eabi/12.3.1/../../../../arm-none-eabi/lib/thumb/v7e-m/nofp/libc_nano.a(libc_a-callocr.o)
                0x08009cd8                _calloc_r
 .text._free_r  0x08009d00       0x94 /Applications/STM32CubeIDE.app/Contents/Eclipse/plugins/com.st.stm32cube.ide.mcu.externaltools.gnu-tools-for-stm32.12.3.rel1.macos64_1.0.200.202406191456/tools/bin/../lib/gcc/arm-none-eabi/12.3.1/../../../../arm-none-eabi/lib/thumb/v7e-m/nofp/libc_nano.a(libc_a-freer.o)
                0x08009d00                _free_r
 .text.__ascii_mbtowc
                0x08009d94       0x24 /Applications/STM32CubeIDE.app/Contents/Eclipse/plugins/com.st.stm32cube.ide.mcu.externaltools.gnu-tools-for-stm32.12.3.rel1.macos64_1.0.200.202406191456/tools/bin/../lib/gcc/arm-none-eabi/12.3.1/../../../../arm-none-eabi/lib/thumb/v7e-m/nofp/libc_nano.a(libc_a-mbtowc_r.o)
                0x08009d94                __ascii_mbtowc
 .text.fprintf  0x08009db8       0x24 /Applications/STM32CubeIDE.app/Contents/Eclipse/plugins/com.st.stm32cube.ide.mcu.externaltools.gnu-tools-for-stm32.12.3.rel1.macos64_1.0.200.202406191456/tools/bin/../lib/gcc/arm-none-eabi/12.3.1/../../../../arm-none-eabi/lib/thumb/v7e-m/nofp/libc_nano.a(libc_a-fprintf.o)
                0x08009db8                fprintf
                0x08009db8                fiprintf
 .text.__ascii_wctomb
                0x08009ddc       0x1a /Applications/STM32CubeIDE.app/Contents/Eclipse/plugins/com.st.stm32cube.ide.mcu.externaltools.gnu-tools-for-stm32.12.3.rel1.macos64_1.0.200.202406191456/tools/bin/../lib/gcc/arm-none-eabi/12.3.1/../../../../arm-none-eabi/lib/thumb/v7e-m/nofp/libc_nano.a(libc_a-wctomb_r.o)
                0x08009ddc                __ascii_wctomb
 .text.abort    0x08009df6        0xe /Applications/STM32CubeIDE.app/Contents/Eclipse/plugins/com.st.stm32cube.ide.mcu.externaltools.gnu-tools-for-stm32.12.3.rel1.macos64_1.0.200.202406191456/tools/bin/../lib/gcc/arm-none-eabi/12.3.1/../../../../arm-none-eabi/lib/thumb/v7e-m/nofp/libc_nano.a(libc_a-abort.o)
                0x08009df6                abort
 .text._raise_r
                0x08009e04       0x50 /Applications/STM32CubeIDE.app/Contents/Eclipse/plugins/com.st.stm32cube.ide.mcu.externaltools.gnu-tools-for-stm32.12.3.rel1.macos64_1.0.200.202406191456/tools/bin/../lib/gcc/arm-none-eabi/12.3.1/../../../../arm-none-eabi/lib/thumb/v7e-m/nofp/libc_nano.a(libc_a-signal.o)
                0x08009e04                _raise_r
 .text.raise    0x08009e54       0x10 /Applications/STM32CubeIDE.app/Contents/Eclipse/plugins/com.st.stm32cube.ide.mcu.externaltools.gnu-tools-for-stm32.12.3.rel1.macos64_1.0.200.202406191456/tools/bin/../lib/gcc/arm-none-eabi/12.3.1/../../../../arm-none-eabi/lib/thumb/v7e-m/nofp/libc_nano.a(libc_a-signal.o)
                0x08009e54                raise
 .text._kill_r  0x08009e64       0x24 /Applications/STM32CubeIDE.app/Contents/Eclipse/plugins/com.st.stm32cube.ide.mcu.externaltools.gnu-tools-for-stm32.12.3.rel1.macos64_1.0.200.202406191456/tools/bin/../lib/gcc/arm-none-eabi/12.3.1/../../../../arm-none-eabi/lib/thumb/v7e-m/nofp/libc_nano.a(libc_a-signalr.o)
                0x08009e64                _kill_r
 .text._getpid_r
                0x08009e88        0x4 /Applications/STM32CubeIDE.app/Contents/Eclipse/plugins/com.st.stm32cube.ide.mcu.externaltools.gnu-tools-for-stm32.12.3.rel1.macos64_1.0.200.202406191456/tools/bin/../lib/gcc/arm-none-eabi/12.3.1/../../../../arm-none-eabi/lib/thumb/v7e-m/nofp/libc_nano.a(libc_a-signalr.o)
                0x08009e88                _getpid_r
 .text._kill    0x08009e8c       0x10 /Applications/STM32CubeIDE.app/Contents/Eclipse/plugins/com.st.stm32cube.ide.mcu.externaltools.gnu-tools-for-stm32.12.3.rel1.macos64_1.0.200.202406191456/tools/bin/../lib/gcc/arm-none-eabi/12.3.1/../../../../arm-none-eabi/lib/thumb/v7e-m/nofp/libnosys.a(kill.o)
                0x08009e8c                _kill
 .text._exit    0x08009e9c        0x2 /Applications/STM32CubeIDE.app/Contents/Eclipse/plugins/com.st.stm32cube.ide.mcu.externaltools.gnu-tools-for-stm32.12.3.rel1.macos64_1.0.200.202406191456/tools/bin/../lib/gcc/arm-none-eabi/12.3.1/../../../../arm-none-eabi/lib/thumb/v7e-m/nofp/libnosys.a(_exit.o)
                0x08009e9c                _exit
 *(.glue_7)
 .glue_7        0x08009e9e        0x0 linker stubs
 *(.glue_7t)
 .glue_7t       0x08009e9e        0x0 linker stubs
 *(.eh_frame)
 *fill*         0x08009e9e        0x2 
 .eh_frame      0x08009ea0        0x0 /Applications/STM32CubeIDE.app/Contents/Eclipse/plugins/com.st.stm32cube.ide.mcu.externaltools.gnu-tools-for-stm32.12.3.rel1.macos64_1.0.200.202406191456/tools/bin/../lib/gcc/arm-none-eabi/12.3.1/thumb/v7e-m/nofp/crtbegin.o
 *(.init)
 .init          0x08009ea0        0x4 /Applications/STM32CubeIDE.app/Contents/Eclipse/plugins/com.st.stm32cube.ide.mcu.externaltools.gnu-tools-for-stm32.12.3.rel1.macos64_1.0.200.202406191456/tools/bin/../lib/gcc/arm-none-eabi/12.3.1/thumb/v7e-m/nofp/crti.o
                0x08009ea0                _init
 .init          0x08009ea4        0x8 /Applications/STM32CubeIDE.app/Contents/Eclipse/plugins/com.st.stm32cube.ide.mcu.externaltools.gnu-tools-for-stm32.12.3.rel1.macos64_1.0.200.202406191456/tools/bin/../lib/gcc/arm-none-eabi/12.3.1/thumb/v7e-m/nofp/crtn.o
 *(.fini)
 .fini          0x08009eac        0x4 /Applications/STM32CubeIDE.app/Contents/Eclipse/plugins/com.st.stm32cube.ide.mcu.externaltools.gnu-tools-for-stm32.12.3.rel1.macos64_1.0.200.202406191456/tools/bin/../lib/gcc/arm-none-eabi/12.3.1/thumb/v7e-m/nofp/crti.o
                0x08009eac                _fini
 .fini          0x08009eb0        0x8 /Applications/STM32CubeIDE.app/Contents/Eclipse/plugins/com.st.stm32cube.ide.mcu.externaltools.gnu-tools-for-stm32.12.3.rel1.macos64_1.0.200.202406191456/tools/bin/../lib/gcc/arm-none-eabi/12.3.1/thumb/v7e-m/nofp/crtn.o
                0x08009eb8                        . = ALIGN (0x4)
                0x08009eb8                        _etext = .

.vfp11_veneer   0x08009eb8        0x0
 .vfp11_veneer  0x08009eb8        0x0 linker stubs

.v4_bx          0x08009eb8        0x0
 .v4_bx         0x08009eb8        0x0 linker stubs

.iplt           0x08009eb8        0x0
 .iplt          0x08009eb8        0x0 /Applications/STM32CubeIDE.app/Contents/Eclipse/plugins/com.st.stm32cube.ide.mcu.externaltools.gnu-tools-for-stm32.12.3.rel1.macos64_1.0.200.202406191456/tools/bin/../lib/gcc/arm-none-eabi/12.3.1/thumb/v7e-m/nofp/crtbegin.o

.rodata         0x08009eb8     0x1f30
                0x08009eb8                        . = ALIGN (0x4)
 *(.rodata)
 .rodata        0x08009eb8       0xd4 ./Core/Src/ApplicationCode.o
 *(.rodata*)
 .rodata.ASCII16x24_Table
                0x08009f8c     0x11d0 ./Core/Src/fonts.o
                0x08009f8c                ASCII16x24_Table
 .rodata.ASCII12x12_Table
                0x0800b15c      0x900 ./Core/Src/fonts.o
                0x0800b15c                ASCII12x12_Table
 .rodata.AHBPrescTable
                0x0800ba5c       0x10 ./Core/Src/system_stm32f4xx.o
                0x0800ba5c                AHBPrescTable
 .rodata.APBPrescTable
                0x0800ba6c        0x8 ./Core/Src/system_stm32f4xx.o
                0x0800ba6c                APBPrescTable
 .rodata._printf_float.str1.1
                0x0800ba74       0x12 /Applications/STM32CubeIDE.app/Contents/Eclipse/plugins/com.st.stm32cube.ide.mcu.externaltools.gnu-tools-for-stm32.12.3.rel1.macos64_1.0.200.202406191456/tools/bin/../lib/gcc/arm-none-eabi/12.3.1/../../../../arm-none-eabi/lib/thumb/v7e-m/nofp/libc_nano.a(libc_a-nano-vfprintf_float.o)
 .rodata._printf_i.str1.1
                0x0800ba86       0x22 /Applications/STM32CubeIDE.app/Contents/Eclipse/plugins/com.st.stm32cube.ide.mcu.externaltools.gnu-tools-for-stm32.12.3.rel1.macos64_1.0.200.202406191456/tools/bin/../lib/gcc/arm-none-eabi/12.3.1/../../../../arm-none-eabi/lib/thumb/v7e-m/nofp/libc_nano.a(libc_a-nano-vfprintf_i.o)
 .rodata._dtoa_r.str1.1
                0x0800baa8       0x8d /Applications/STM32CubeIDE.app/Contents/Eclipse/plugins/com.st.stm32cube.ide.mcu.externaltools.gnu-tools-for-stm32.12.3.rel1.macos64_1.0.200.202406191456/tools/bin/../lib/gcc/arm-none-eabi/12.3.1/../../../../arm-none-eabi/lib/thumb/v7e-m/nofp/libc_nano.a(libc_a-dtoa.o)
                                 0x8f (size before relaxing)
 .rodata._vfprintf_r.str1.1
                0x0800bb35       0x11 /Applications/STM32CubeIDE.app/Contents/Eclipse/plugins/com.st.stm32cube.ide.mcu.externaltools.gnu-tools-for-stm32.12.3.rel1.macos64_1.0.200.202406191456/tools/bin/../lib/gcc/arm-none-eabi/12.3.1/../../../../arm-none-eabi/lib/thumb/v7e-m/nofp/libc_nano.a(libc_a-nano-vfprintf.o)
 .rodata._Balloc.str1.1
                0x0800bb46       0x59 /Applications/STM32CubeIDE.app/Contents/Eclipse/plugins/com.st.stm32cube.ide.mcu.externaltools.gnu-tools-for-stm32.12.3.rel1.macos64_1.0.200.202406191456/tools/bin/../lib/gcc/arm-none-eabi/12.3.1/../../../../arm-none-eabi/lib/thumb/v7e-m/nofp/libc_nano.a(libc_a-mprec.o)
                                 0x70 (size before relaxing)
 .rodata.__multadd.str1.1
                0x0800bb9f       0x11 /Applications/STM32CubeIDE.app/Contents/Eclipse/plugins/com.st.stm32cube.ide.mcu.externaltools.gnu-tools-for-stm32.12.3.rel1.macos64_1.0.200.202406191456/tools/bin/../lib/gcc/arm-none-eabi/12.3.1/../../../../arm-none-eabi/lib/thumb/v7e-m/nofp/libc_nano.a(libc_a-mprec.o)
 *fill*         0x0800bb9f        0x1 
 .rodata.p05.0  0x0800bba0        0xc /Applications/STM32CubeIDE.app/Contents/Eclipse/plugins/com.st.stm32cube.ide.mcu.externaltools.gnu-tools-for-stm32.12.3.rel1.macos64_1.0.200.202406191456/tools/bin/../lib/gcc/arm-none-eabi/12.3.1/../../../../arm-none-eabi/lib/thumb/v7e-m/nofp/libc_nano.a(libc_a-mprec.o)
 *fill*         0x0800bbac        0x4 
 .rodata.__mprec_bigtens
                0x0800bbb0       0x28 /Applications/STM32CubeIDE.app/Contents/Eclipse/plugins/com.st.stm32cube.ide.mcu.externaltools.gnu-tools-for-stm32.12.3.rel1.macos64_1.0.200.202406191456/tools/bin/../lib/gcc/arm-none-eabi/12.3.1/../../../../arm-none-eabi/lib/thumb/v7e-m/nofp/libc_nano.a(libc_a-mprec.o)
                0x0800bbb0                __mprec_bigtens
 .rodata.__mprec_tens
                0x0800bbd8       0xc8 /Applications/STM32CubeIDE.app/Contents/Eclipse/plugins/com.st.stm32cube.ide.mcu.externaltools.gnu-tools-for-stm32.12.3.rel1.macos64_1.0.200.202406191456/tools/bin/../lib/gcc/arm-none-eabi/12.3.1/../../../../arm-none-eabi/lib/thumb/v7e-m/nofp/libc_nano.a(libc_a-mprec.o)
                0x0800bbd8                __mprec_tens
 .rodata._setlocale_r.str1.1
                0x0800bca0        0x8 /Applications/STM32CubeIDE.app/Contents/Eclipse/plugins/com.st.stm32cube.ide.mcu.externaltools.gnu-tools-for-stm32.12.3.rel1.macos64_1.0.200.202406191456/tools/bin/../lib/gcc/arm-none-eabi/12.3.1/../../../../arm-none-eabi/lib/thumb/v7e-m/nofp/libc_nano.a(libc_a-locale.o)
                                  0x9 (size before relaxing)
 .rodata.str1.1
                0x0800bca8        0x2 /Applications/STM32CubeIDE.app/Contents/Eclipse/plugins/com.st.stm32cube.ide.mcu.externaltools.gnu-tools-for-stm32.12.3.rel1.macos64_1.0.200.202406191456/tools/bin/../lib/gcc/arm-none-eabi/12.3.1/../../../../arm-none-eabi/lib/thumb/v7e-m/nofp/libc_nano.a(libc_a-locale.o)
 .rodata._ctype_
                0x0800bcaa      0x101 /Applications/STM32CubeIDE.app/Contents/Eclipse/plugins/com.st.stm32cube.ide.mcu.externaltools.gnu-tools-for-stm32.12.3.rel1.macos64_1.0.200.202406191456/tools/bin/../lib/gcc/arm-none-eabi/12.3.1/../../../../arm-none-eabi/lib/thumb/v7e-m/nofp/libc_nano.a(libc_a-ctype_.o)
                0x0800bcaa                _ctype_
 .rodata.__assert_func.str1.1
                0x0800bdab       0x3c /Applications/STM32CubeIDE.app/Contents/Eclipse/plugins/com.st.stm32cube.ide.mcu.externaltools.gnu-tools-for-stm32.12.3.rel1.macos64_1.0.200.202406191456/tools/bin/../lib/gcc/arm-none-eabi/12.3.1/../../../../arm-none-eabi/lib/thumb/v7e-m/nofp/libc_nano.a(libc_a-assert.o)
                                 0x3d (size before relaxing)
                0x0800bde8                        . = ALIGN (0x4)
 *fill*         0x0800bde7        0x1 

.ARM.extab      0x0800bde8        0x0
                0x0800bde8                        . = ALIGN (0x4)
 *(.ARM.extab* .gnu.linkonce.armextab.*)
                0x0800bde8                        . = ALIGN (0x4)

.ARM            0x0800bde8        0x8
                0x0800bde8                        . = ALIGN (0x4)
                0x0800bde8                        __exidx_start = .
 *(.ARM.exidx*)
 .ARM.exidx     0x0800bde8        0x8 /Applications/STM32CubeIDE.app/Contents/Eclipse/plugins/com.st.stm32cube.ide.mcu.externaltools.gnu-tools-for-stm32.12.3.rel1.macos64_1.0.200.202406191456/tools/bin/../lib/gcc/arm-none-eabi/12.3.1/../../../../arm-none-eabi/lib/thumb/v7e-m/nofp/libc_nano.a(libc_a-memchr.o)
 .ARM.exidx     0x0800bdf0        0x0 /Applications/STM32CubeIDE.app/Contents/Eclipse/plugins/com.st.stm32cube.ide.mcu.externaltools.gnu-tools-for-stm32.12.3.rel1.macos64_1.0.200.202406191456/tools/bin/../lib/gcc/arm-none-eabi/12.3.1/../../../../arm-none-eabi/lib/thumb/v7e-m/nofp/libc_nano.a(libc_a-strlen.o)
                                  0x8 (size before relaxing)
 .ARM.exidx     0x0800bdf0        0x0 /Applications/STM32CubeIDE.app/Contents/Eclipse/plugins/com.st.stm32cube.ide.mcu.externaltools.gnu-tools-for-stm32.12.3.rel1.macos64_1.0.200.202406191456/tools/bin/../lib/gcc/arm-none-eabi/12.3.1/thumb/v7e-m/nofp/libgcc.a(_udivmoddi4.o)
                                  0x8 (size before relaxing)
                0x0800bdf0                        __exidx_end = .
                0x0800bdf0                        . = ALIGN (0x4)

.preinit_array  0x0800bdf0        0x0
                0x0800bdf0                        . = ALIGN (0x4)
                0x0800bdf0                        PROVIDE (__preinit_array_start = .)
 *(.preinit_array*)
                0x0800bdf0                        PROVIDE (__preinit_array_end = .)
                0x0800bdf0                        . = ALIGN (0x4)

.init_array     0x0800bdf0        0x4
                0x0800bdf0                        . = ALIGN (0x4)
                0x0800bdf0                        PROVIDE (__init_array_start = .)
 *(SORT_BY_NAME(.init_array.*))
 *(.init_array*)
 .init_array    0x0800bdf0        0x4 /Applications/STM32CubeIDE.app/Contents/Eclipse/plugins/com.st.stm32cube.ide.mcu.externaltools.gnu-tools-for-stm32.12.3.rel1.macos64_1.0.200.202406191456/tools/bin/../lib/gcc/arm-none-eabi/12.3.1/thumb/v7e-m/nofp/crtbegin.o
                0x0800bdf4                        PROVIDE (__init_array_end = .)
                0x0800bdf4                        . = ALIGN (0x4)

.fini_array     0x0800bdf4        0x4
                0x0800bdf4                        . = ALIGN (0x4)
                [!provide]                        PROVIDE (__fini_array_start = .)
 *(SORT_BY_NAME(.fini_array.*))
 *(.fini_array*)
 .fini_array    0x0800bdf4        0x4 /Applications/STM32CubeIDE.app/Contents/Eclipse/plugins/com.st.stm32cube.ide.mcu.externaltools.gnu-tools-for-stm32.12.3.rel1.macos64_1.0.200.202406191456/tools/bin/../lib/gcc/arm-none-eabi/12.3.1/thumb/v7e-m/nofp/crtbegin.o
                [!provide]                        PROVIDE (__fini_array_end = .)
                0x0800bdf8                        . = ALIGN (0x4)
                0x0800bdf8                        _sidata = LOADADDR (.data)

.rel.dyn        0x0800bdf8        0x0
 .rel.iplt      0x0800bdf8        0x0 /Applications/STM32CubeIDE.app/Contents/Eclipse/plugins/com.st.stm32cube.ide.mcu.externaltools.gnu-tools-for-stm32.12.3.rel1.macos64_1.0.200.202406191456/tools/bin/../lib/gcc/arm-none-eabi/12.3.1/thumb/v7e-m/nofp/crtbegin.o

.data           0x20000000      0x1ec load address 0x0800bdf8
                0x20000000                        . = ALIGN (0x4)
                0x20000000                        _sdata = .
 *(.data)
 *(.data*)
 .data.CurrentTextColor
                0x20000000        0x2 ./Core/Src/LCD_Driver.o
 *fill*         0x20000002        0x2 
 .data.Font16x24
                0x20000004        0x8 ./Core/Src/fonts.o
                0x20000004                Font16x24
 .data.Font12x12
                0x2000000c        0x8 ./Core/Src/fonts.o
                0x2000000c                Font12x12
 .data.SpiTimeout
                0x20000014        0x4 ./Core/Src/ili9341.o
                0x20000014                SpiTimeout
 .data.SystemCoreClock
                0x20000018        0x4 ./Core/Src/system_stm32f4xx.o
                0x20000018                SystemCoreClock
 .data.uwTickPrio
                0x2000001c        0x4 ./Drivers/STM32F4xx_HAL_Driver/Src/stm32f4xx_hal.o
                0x2000001c                uwTickPrio
 .data.uwTickFreq
                0x20000020        0x1 ./Drivers/STM32F4xx_HAL_Driver/Src/stm32f4xx_hal.o
                0x20000020                uwTickFreq
 *fill*         0x20000021        0x3 
 .data.__sglue  0x20000024        0xc /Applications/STM32CubeIDE.app/Contents/Eclipse/plugins/com.st.stm32cube.ide.mcu.externaltools.gnu-tools-for-stm32.12.3.rel1.macos64_1.0.200.202406191456/tools/bin/../lib/gcc/arm-none-eabi/12.3.1/../../../../arm-none-eabi/lib/thumb/v7e-m/nofp/libc_nano.a(libc_a-findfp.o)
                0x20000024                __sglue
 .data._impure_ptr
                0x20000030        0x4 /Applications/STM32CubeIDE.app/Contents/Eclipse/plugins/com.st.stm32cube.ide.mcu.externaltools.gnu-tools-for-stm32.12.3.rel1.macos64_1.0.200.202406191456/tools/bin/../lib/gcc/arm-none-eabi/12.3.1/../../../../arm-none-eabi/lib/thumb/v7e-m/nofp/libc_nano.a(libc_a-impure.o)
                0x20000030                _impure_ptr
 .data._impure_data
                0x20000034       0x4c /Applications/STM32CubeIDE.app/Contents/Eclipse/plugins/com.st.stm32cube.ide.mcu.externaltools.gnu-tools-for-stm32.12.3.rel1.macos64_1.0.200.202406191456/tools/bin/../lib/gcc/arm-none-eabi/12.3.1/../../../../arm-none-eabi/lib/thumb/v7e-m/nofp/libc_nano.a(libc_a-impure.o)
                0x20000034                _impure_data
 .data.__global_locale
                0x20000080      0x16c /Applications/STM32CubeIDE.app/Contents/Eclipse/plugins/com.st.stm32cube.ide.mcu.externaltools.gnu-tools-for-stm32.12.3.rel1.macos64_1.0.200.202406191456/tools/bin/../lib/gcc/arm-none-eabi/12.3.1/../../../../arm-none-eabi/lib/thumb/v7e-m/nofp/libc_nano.a(libc_a-locale.o)
                0x20000080                __global_locale
 *(.RamFunc)
 *(.RamFunc*)
                0x200001ec                        . = ALIGN (0x4)
                0x200001ec                        _edata = .
                0x0800bfe4                        _siccmram = LOADADDR (.ccmram)

.igot.plt       0x200001ec        0x0 load address 0x0800bfe4
 .igot.plt      0x200001ec        0x0 /Applications/STM32CubeIDE.app/Contents/Eclipse/plugins/com.st.stm32cube.ide.mcu.externaltools.gnu-tools-for-stm32.12.3.rel1.macos64_1.0.200.202406191456/tools/bin/../lib/gcc/arm-none-eabi/12.3.1/thumb/v7e-m/nofp/crtbegin.o

.ccmram         0x10000000        0x0 load address 0x0800bfe4
                0x10000000                        . = ALIGN (0x4)
                0x10000000                        _sccmram = .
 *(.ccmram)
 *(.ccmram*)
                0x10000000                        . = ALIGN (0x4)
                0x10000000                        _eccmram = .
                0x10000000                        . = ALIGN (0x4)

.bss            0x200001ec    0x25c4c
                0x200001ec                        _sbss = .
                0x200001ec                        __bss_start__ = _sbss
 *(.bss)
 .bss           0x200001ec       0x1c /Applications/STM32CubeIDE.app/Contents/Eclipse/plugins/com.st.stm32cube.ide.mcu.externaltools.gnu-tools-for-stm32.12.3.rel1.macos64_1.0.200.202406191456/tools/bin/../lib/gcc/arm-none-eabi/12.3.1/thumb/v7e-m/nofp/crtbegin.o
 *(.bss*)
 .bss.EXTI15    0x20000208        0x8 ./Core/Src/ApplicationCode.o
 .bss.detected  0x20000210        0x1 ./Core/Src/ApplicationCode.o
 .bss.detected_in_session
                0x20000211        0x1 ./Core/Src/ApplicationCode.o
 .bss.CurrentScreen
                0x20000212        0x1 ./Core/Src/ApplicationCode.o
 .bss.count     0x20000213        0x1 ./Core/Src/ApplicationCode.o
 .bss.lastTime  0x20000214        0x4 ./Core/Src/ApplicationCode.o
 .bss.exitIT    0x20000218        0x1 ./Core/Src/ApplicationCode.o
 *fill*         0x20000219        0x3 
 .bss.t         0x2000021c        0x8 ./Core/Src/ApplicationCode.o
 .bss.hltdc     0x20000224       0xa8 ./Core/Src/LCD_Driver.o
 .bss.PeriphClkInitStruct
                0x200002cc       0x30 ./Core/Src/LCD_Driver.o
 .bss.LCD_Currentfonts
                0x200002fc        0x4 ./Core/Src/LCD_Driver.o
 .bss.frameBuffer
                0x20000300    0x25800 ./Core/Src/LCD_Driver.o
                0x20000300                frameBuffer
 .bss.stopwatch
                0x20025b00       0x48 ./Core/Src/TimerCtl.o
 .bss.buzzer    0x20025b48       0x48 ./Core/Src/TimerCtl.o
 .bss.SpiHandle
                0x20025b90       0x58 ./Core/Src/ili9341.o
 .bss.Is_LCD_IO_Initialized
                0x20025be8        0x1 ./Core/Src/ili9341.o
 *fill*         0x20025be9        0x3 
 .bss.hI2C3     0x20025bec       0x54 ./Core/Src/stmpe811.o
 .bss.HAL_status
                0x20025c40        0x1 ./Core/Src/stmpe811.o
 *fill*         0x20025c41        0x3 
 .bss.__sbrk_heap_end
                0x20025c44        0x4 ./Core/Src/sysmem.o
 .bss.uwTick    0x20025c48        0x4 ./Drivers/STM32F4xx_HAL_Driver/Src/stm32f4xx_hal.o
                0x20025c48                uwTick
 .bss.openfiles